[32m2026-05-05 18:45:10 +0100[0m - dagster - [34mDEBUG[0m - __ASSET_JOB - c06c4530-02be-4794-b800-4090b1d5c3cc - 544255 - LOGS_CAPTURED - Capturing logs for process (pid: 544255).
[32m2026-05-05 18:45:10 +0100[0m - dagster - [34mDEBUG[0m - __ASSET_JOB - c06c4530-02be-4794-b800-4090b1d5c3cc - 544255 - unir_actividad_mapa - STEP_START - Started execution of step "unir_actividad_mapa".
[32m2026-05-05 18:45:10 +0100[0m - dagster - [34mDEBUG[0m - __ASSET_JOB - c06c4530-02be-4794-b800-4090b1d5c3cc - unir_actividad_mapa - Loading file from: /home/pablo/Escritorio/visualizacion/Proyecto/src/.tmp_dagster_home_nkfhu003/storage/cargar_geojson_2024 using PickledObjectFilesystemIOManager...
[32m2026-05-05 18:45:10 +0100[0m - dagster - [34mDEBUG[0m - __ASSET_JOB - c06c4530-02be-4794-b800-4090b1d5c3cc - 544255 - unir_actividad_mapa - LOADED_INPUT - Loaded input "cargar_geojson_2024" using input manager "io_manager", from output "result" of step "cargar_geojson_2024"
[32m2026-05-05 18:45:10 +0100[0m - dagster - [34mDEBUG[0m - __ASSET_JOB - c06c4530-02be-4794-b800-4090b1d5c3cc - unir_actividad_mapa - Loading file from: /home/pablo/Escritorio/visualizacion/Proyecto/src/.tmp_dagster_home_nkfhu003/storage/limpiar_actividad using PickledObjectFilesystemIOManager...
[32m2026-05-05 18:45:10 +0100[0m - dagster - [34mDEBUG[0m - __ASSET_JOB - c06c4530-02be-4794-b800-4090b1d5c3cc - 544255 - unir_actividad_mapa - LOADED_INPUT - Loaded input "limpiar_actividad" using input manager "io_manager", from output "result" of step "limpiar_actividad"
[32m2026-05-05 18:45:10 +0100[0m - dagster - [34mDEBUG[0m - __ASSET_JOB - c06c4530-02be-4794-b800-4090b1d5c3cc - 544255 - unir_actividad_mapa - STEP_INPUT - Got input "cargar_geojson_2024" of type "Any". (Type check passed).
[32m2026-05-05 18:45:10 +0100[0m - dagster - [34mDEBUG[0m - __ASSET_JOB - c06c4530-02be-4794-b800-4090b1d5c3cc - 544255 - unir_actividad_mapa - STEP_INPUT - Got input "limpiar_actividad" of type "Any". (Type check passed).
[32m2026-05-05 18:45:10 +0100[0m - dagster - [34mERROR[0m - [31m__ASSET_JOB - c06c4530-02be-4794-b800-4090b1d5c3cc - 544255 - unir_actividad_mapa - STEP_FAILURE - Execution of step "unir_actividad_mapa" failed.

dagster._core.errors.DagsterExecutionStepExecutionError: Error occurred while executing op "unir_actividad_mapa"::

KeyError: 'año'

Stack Trace:
  File "/home/pablo/Escritorio/visualizacion/Proyecto/.venv/lib/python3.12/site-packages/dagster/_core/execution/plan/utils.py", line 57, in op_execution_error_boundary
    yield
  File "/home/pablo/Escritorio/visualizacion/Proyecto/.venv/lib/python3.12/site-packages/dagster/_utils/__init__.py", line 394, in iterate_with_context
    next_output = next(iterator)
                  ^^^^^^^^^^^^^^
  File "/home/pablo/Escritorio/visualizacion/Proyecto/.venv/lib/python3.12/site-packages/dagster/_core/execution/plan/compute_generator.py", line 135, in _coerce_op_compute_fn_to_iterator
    result = invoke_compute_fn(
             ^^^^^^^^^^^^^^^^^^
  File "/home/pablo/Escritorio/visualizacion/Proyecto/.venv/lib/python3.12/site-packages/dagster/_core/execution/plan/compute_generator.py", line 115, in invoke_compute_fn
    return fn(context, **args_to_pass) if context_arg_provided else fn(**args_to_pass)
                                                                    ^^^^^^^^^^^^^^^^^^
  File "/home/pablo/Escritorio/visualizacion/Proyecto/src/proyecto.py", line 207, in unir_actividad_mapa
    actividad = actividad[actividad["año"] == 2023]
                          ~~~~~~~~~^^^^^^^
  File "/home/pablo/Escritorio/visualizacion/Proyecto/.venv/lib/python3.12/site-packages/pandas/core/frame.py", line 4378, in __getitem__
    indexer = self.columns.get_loc(key)
              ^^^^^^^^^^^^^^^^^^^^^^^^^
  File "/home/pablo/Escritorio/visualizacion/Proyecto/.venv/lib/python3.12/site-packages/pandas/core/indexes/base.py", line 3648, in get_loc
    raise KeyError(key) from err

The above exception was caused by the following exception:
KeyError: 'año'

Stack Trace:
  File "/home/pablo/Escritorio/visualizacion/Proyecto/.venv/lib/python3.12/site-packages/pandas/core/indexes/base.py", line 3641, in get_loc
    return self._engine.get_loc(casted_key)
           ^^^^^^^^^^^^^^^^^^^^^^^^^^^^^^^^
  File "pandas/_libs/index.pyx", line 168, in pandas._libs.index.IndexEngine.get_loc
  File "pandas/_libs/index.pyx", line 197, in pandas._libs.index.IndexEngine.get_loc
  File "pandas/_libs/hashtable_class_helper.pxi", line 7668, in pandas._libs.hashtable.PyObjectHashTable.get_item
  File "pandas/_libs/hashtable_class_helper.pxi", line 7676, in pandas._libs.hashtable.PyObjectHashTable.get_item
[0m
