[32m2026-05-05 18:32:33 +0100[0m - dagster - [34mDEBUG[0m - __ASSET_JOB - f370591c-3750-4a95-ab6f-d97ebcdb5a28 - 520685 - LOGS_CAPTURED - Capturing logs for process (pid: 520685).
[32m2026-05-05 18:32:33 +0100[0m - dagster - [34mDEBUG[0m - __ASSET_JOB - f370591c-3750-4a95-ab6f-d97ebcdb5a28 - 520685 - mapa_ocupacion_cualificada - STEP_START - Started execution of step "mapa_ocupacion_cualificada".
[32m2026-05-05 18:32:33 +0100[0m - dagster - [34mDEBUG[0m - __ASSET_JOB - f370591c-3750-4a95-ab6f-d97ebcdb5a28 - mapa_ocupacion_cualificada - Loading file from: /home/pablo/Escritorio/visualizacion/Proyecto/src/.tmp_dagster_home_nkfhu003/storage/unir_renta_ocupacion using PickledObjectFilesystemIOManager...
[32m2026-05-05 18:32:33 +0100[0m - dagster - [34mDEBUG[0m - __ASSET_JOB - f370591c-3750-4a95-ab6f-d97ebcdb5a28 - 520685 - mapa_ocupacion_cualificada - LOADED_INPUT - Loaded input "unir_renta_ocupacion" using input manager "io_manager", from output "result" of step "unir_renta_ocupacion"
[32m2026-05-05 18:32:33 +0100[0m - dagster - [34mDEBUG[0m - __ASSET_JOB - f370591c-3750-4a95-ab6f-d97ebcdb5a28 - 520685 - mapa_ocupacion_cualificada - STEP_INPUT - Got input "unir_renta_ocupacion" of type "Any". (Type check passed).
[32m2026-05-05 18:32:33 +0100[0m - dagster - [34mERROR[0m - [31m__ASSET_JOB - f370591c-3750-4a95-ab6f-d97ebcdb5a28 - 520685 - mapa_ocupacion_cualificada - STEP_FAILURE - Execution of step "mapa_ocupacion_cualificada" failed.

dagster._core.errors.DagsterExecutionStepExecutionError: Error occurred while executing op "mapa_ocupacion_cualificada"::

KeyError: "['geometry'] not in index"

Stack Trace:
  File "/home/pablo/Escritorio/visualizacion/Proyecto/.venv/lib/python3.12/site-packages/dagster/_core/execution/plan/utils.py", line 57, in op_execution_error_boundary
    yield
  File "/home/pablo/Escritorio/visualizacion/Proyecto/.venv/lib/python3.12/site-packages/dagster/_utils/__init__.py", line 394, in iterate_with_context
    next_output = next(iterator)
                  ^^^^^^^^^^^^^^
  File "/home/pablo/Escritorio/visualizacion/Proyecto/.venv/lib/python3.12/site-packages/dagster/_core/execution/plan/compute_generator.py", line 135, in _coerce_op_compute_fn_to_iterator
    result = invoke_compute_fn(
             ^^^^^^^^^^^^^^^^^^
  File "/home/pablo/Escritorio/visualizacion/Proyecto/.venv/lib/python3.12/site-packages/dagster/_core/execution/plan/compute_generator.py", line 115, in invoke_compute_fn
    return fn(context, **args_to_pass) if context_arg_provided else fn(**args_to_pass)
                                                                    ^^^^^^^^^^^^^^^^^^
  File "/home/pablo/Escritorio/visualizacion/Proyecto/src/proyecto.py", line 400, in mapa_ocupacion_cualificada
    gdf = gdf[["clave_seccion", "geometry"]].drop_duplicates()
          ~~~^^^^^^^^^^^^^^^^^^^^^^^^^^^^^^^
  File "/home/pablo/Escritorio/visualizacion/Proyecto/.venv/lib/python3.12/site-packages/pandas/core/frame.py", line 4384, in __getitem__
    indexer = self.columns._get_indexer_strict(key, "columns")[1]
              ^^^^^^^^^^^^^^^^^^^^^^^^^^^^^^^^^^^^^^^^^^^^^^^^
  File "/home/pablo/Escritorio/visualizacion/Proyecto/.venv/lib/python3.12/site-packages/pandas/core/indexes/base.py", line 6302, in _get_indexer_strict
    self._raise_if_missing(keyarr, indexer, axis_name)
  File "/home/pablo/Escritorio/visualizacion/Proyecto/.venv/lib/python3.12/site-packages/pandas/core/indexes/base.py", line 6355, in _raise_if_missing
    raise KeyError(f"{not_found} not in index")
[0m
