[32m2026-05-04 18:36:37 +0100[0m - dagster - [34mDEBUG[0m - __ASSET_JOB - 16f76f20-5f6b-4847-b42a-d87847dc2e32 - 96330 - LOGS_CAPTURED - Capturing logs for process (pid: 96330).
[32m2026-05-04 18:36:37 +0100[0m - dagster - [34mDEBUG[0m - __ASSET_JOB - 16f76f20-5f6b-4847-b42a-d87847dc2e32 - 96330 - cargar_renta - STEP_START - Started execution of step "cargar_renta".
[32m2026-05-04 18:36:37 +0100[0m - dagster - [34mERROR[0m - [31m__ASSET_JOB - 16f76f20-5f6b-4847-b42a-d87847dc2e32 - 96330 - cargar_renta - STEP_FAILURE - Execution of step "cargar_renta" failed.

dagster._core.errors.DagsterExecutionStepExecutionError: Error occurred while executing op "cargar_renta"::

FileNotFoundError: [Errno 2] No such file or directory: '/home/pablo/Escritorio/visualizacion/Proyecto/data/rentamedia-sc-3.csv'

Stack Trace:
  File "/home/pablo/Escritorio/visualizacion/Proyecto/.venv/lib/python3.12/site-packages/dagster/_core/execution/plan/utils.py", line 57, in op_execution_error_boundary
    yield
  File "/home/pablo/Escritorio/visualizacion/Proyecto/.venv/lib/python3.12/site-packages/dagster/_utils/__init__.py", line 394, in iterate_with_context
    next_output = next(iterator)
                  ^^^^^^^^^^^^^^
  File "/home/pablo/Escritorio/visualizacion/Proyecto/.venv/lib/python3.12/site-packages/dagster/_core/execution/plan/compute_generator.py", line 135, in _coerce_op_compute_fn_to_iterator
    result = invoke_compute_fn(
             ^^^^^^^^^^^^^^^^^^
  File "/home/pablo/Escritorio/visualizacion/Proyecto/.venv/lib/python3.12/site-packages/dagster/_core/execution/plan/compute_generator.py", line 115, in invoke_compute_fn
    return fn(context, **args_to_pass) if context_arg_provided else fn(**args_to_pass)
                                                                    ^^^^^^^^^^^^^^^^^^
  File "/home/pablo/Escritorio/visualizacion/Proyecto/src/proyecto.py", line 19, in cargar_renta
    return pd.read_csv(DATA_DIR / "rentamedia-sc-3.csv")
           ^^^^^^^^^^^^^^^^^^^^^^^^^^^^^^^^^^^^^^^^^^^^^
  File "/home/pablo/Escritorio/visualizacion/Proyecto/.venv/lib/python3.12/site-packages/pandas/io/parsers/readers.py", line 873, in read_csv
    return _read(filepath_or_buffer, kwds)
           ^^^^^^^^^^^^^^^^^^^^^^^^^^^^^^^
  File "/home/pablo/Escritorio/visualizacion/Proyecto/.venv/lib/python3.12/site-packages/pandas/io/parsers/readers.py", line 300, in _read
    parser = TextFileReader(filepath_or_buffer, **kwds)
             ^^^^^^^^^^^^^^^^^^^^^^^^^^^^^^^^^^^^^^^^^^
  File "/home/pablo/Escritorio/visualizacion/Proyecto/.venv/lib/python3.12/site-packages/pandas/io/parsers/readers.py", line 1645, in __init__
    self._engine = self._make_engine(f, self.engine)
                   ^^^^^^^^^^^^^^^^^^^^^^^^^^^^^^^^^
  File "/home/pablo/Escritorio/visualizacion/Proyecto/.venv/lib/python3.12/site-packages/pandas/io/parsers/readers.py", line 1904, in _make_engine
    self.handles = get_handle(
                   ^^^^^^^^^^^
  File "/home/pablo/Escritorio/visualizacion/Proyecto/.venv/lib/python3.12/site-packages/pandas/io/common.py", line 926, in get_handle
    handle = open(
             ^^^^^
[0m
