[32m2026-05-22 19:43:33 +0100[0m - dagster - [34mDEBUG[0m - __ASSET_JOB - c82b3106-6e15-4e5d-b601-f90971aadb07 - 507627 - LOGS_CAPTURED - Capturing logs for process (pid: 507627).
[32m2026-05-22 19:43:33 +0100[0m - dagster - [34mDEBUG[0m - __ASSET_JOB - c82b3106-6e15-4e5d-b601-f90971aadb07 - 507627 - grafico_renta_media - STEP_START - Started execution of step "grafico_renta_media".
[32m2026-05-22 19:43:33 +0100[0m - dagster - [34mDEBUG[0m - __ASSET_JOB - c82b3106-6e15-4e5d-b601-f90971aadb07 - grafico_renta_media - Loading file from: /home/pablo/Escritorio/c/visualizacion/.tmp_dagster_home_gyuhkxyd/storage/limpiar_renta using PickledObjectFilesystemIOManager...
[32m2026-05-22 19:43:33 +0100[0m - dagster - [34mDEBUG[0m - __ASSET_JOB - c82b3106-6e15-4e5d-b601-f90971aadb07 - 507627 - grafico_renta_media - LOADED_INPUT - Loaded input "limpiar_renta" using input manager "io_manager", from output "result" of step "limpiar_renta"
[32m2026-05-22 19:43:33 +0100[0m - dagster - [34mDEBUG[0m - __ASSET_JOB - c82b3106-6e15-4e5d-b601-f90971aadb07 - 507627 - grafico_renta_media - STEP_INPUT - Got input "limpiar_renta" of type "Any". (Type check passed).
/home/pablo/Escritorio/c/visualizacion/venv/lib/python3.12/site-packages/plotnine/ggplot.py:623: PlotnineWarning: Saving 6 x 4 in image.
/home/pablo/Escritorio/c/visualizacion/venv/lib/python3.12/site-packages/plotnine/ggplot.py:624: PlotnineWarning: Filename: /home/pablo/Escritorio/c/visualizacion/Proyecto/outputs/renta_media.png
To https://github.com/PablodlFR/visualizacion.git
 ! [rejected]          main -> main (fetch first)
error: falló el empuje de algunas referencias a 'https://github.com/PablodlFR/visualizacion.git'
ayuda: Updates were rejected because the remote contains work that you do not
ayuda: have locally. This is usually caused by another repository pushing to
ayuda: the same ref. If you want to integrate the remote changes, use
ayuda: 'git pull' before pushing again.
ayuda: See the 'Note about fast-forwards' in 'git push --help' for details.
[32m2026-05-22 19:43:37 +0100[0m - dagster - [34mDEBUG[0m - __ASSET_JOB - c82b3106-6e15-4e5d-b601-f90971aadb07 - 507627 - grafico_renta_media - STEP_OUTPUT - Yielded output "result" of type "Any". (Type check passed).
[32m2026-05-22 19:43:37 +0100[0m - dagster - [34mDEBUG[0m - __ASSET_JOB - c82b3106-6e15-4e5d-b601-f90971aadb07 - grafico_renta_media - Writing file at: /home/pablo/Escritorio/c/visualizacion/.tmp_dagster_home_gyuhkxyd/storage/grafico_renta_media using PickledObjectFilesystemIOManager...
[32m2026-05-22 19:43:37 +0100[0m - dagster - [34mDEBUG[0m - __ASSET_JOB - c82b3106-6e15-4e5d-b601-f90971aadb07 - 507627 - grafico_renta_media - ASSET_MATERIALIZATION - Materialized value grafico_renta_media.
[32m2026-05-22 19:43:37 +0100[0m - dagster - [34mDEBUG[0m - __ASSET_JOB - c82b3106-6e15-4e5d-b601-f90971aadb07 - 507627 - grafico_renta_media - HANDLED_OUTPUT - Handled output "result" using IO manager "io_manager"
[32m2026-05-22 19:43:37 +0100[0m - dagster - [34mDEBUG[0m - __ASSET_JOB - c82b3106-6e15-4e5d-b601-f90971aadb07 - 507627 - grafico_renta_media - STEP_SUCCESS - Finished execution of step "grafico_renta_media" in 4.5s.
