[32m2026-05-04 18:53:10 +0100[0m - dagster - [34mDEBUG[0m - __ASSET_JOB - 3e0442c3-c093-4a28-9606-90c5e1e44848 - 124471 - LOGS_CAPTURED - Capturing logs for process (pid: 124471).
[32m2026-05-04 18:53:10 +0100[0m - dagster - [34mDEBUG[0m - __ASSET_JOB - 3e0442c3-c093-4a28-9606-90c5e1e44848 - 124471 - limpiar_actividad - STEP_START - Started execution of step "limpiar_actividad".
[32m2026-05-04 18:53:10 +0100[0m - dagster - [34mDEBUG[0m - __ASSET_JOB - 3e0442c3-c093-4a28-9606-90c5e1e44848 - limpiar_actividad - Loading file from: /home/pablo/Escritorio/visualizacion/Proyecto/src/.tmp_dagster_home_nkfhu003/storage/cargar_actividad using PickledObjectFilesystemIOManager...
[32m2026-05-04 18:53:10 +0100[0m - dagster - [34mDEBUG[0m - __ASSET_JOB - 3e0442c3-c093-4a28-9606-90c5e1e44848 - 124471 - limpiar_actividad - LOADED_INPUT - Loaded input "cargar_actividad" using input manager "io_manager", from output "result" of step "cargar_actividad"
[32m2026-05-04 18:53:10 +0100[0m - dagster - [34mDEBUG[0m - __ASSET_JOB - 3e0442c3-c093-4a28-9606-90c5e1e44848 - 124471 - limpiar_actividad - STEP_INPUT - Got input "cargar_actividad" of type "Any". (Type check passed).
[32m2026-05-04 18:53:10 +0100[0m - dagster - [34mERROR[0m - [31m__ASSET_JOB - 3e0442c3-c093-4a28-9606-90c5e1e44848 - 124471 - limpiar_actividad - STEP_FAILURE - Execution of step "limpiar_actividad" failed.

dagster._core.errors.DagsterExecutionStepExecutionError: Error occurred while executing op "limpiar_actividad"::

KeyError: 'o'

Stack Trace:
  File "/home/pablo/Escritorio/visualizacion/Proyecto/.venv/lib/python3.12/site-packages/dagster/_core/execution/plan/utils.py", line 57, in op_execution_error_boundary
    yield
  File "/home/pablo/Escritorio/visualizacion/Proyecto/.venv/lib/python3.12/site-packages/dagster/_utils/__init__.py", line 394, in iterate_with_context
    next_output = next(iterator)
                  ^^^^^^^^^^^^^^
  File "/home/pablo/Escritorio/visualizacion/Proyecto/.venv/lib/python3.12/site-packages/dagster/_core/execution/plan/compute_generator.py", line 135, in _coerce_op_compute_fn_to_iterator
    result = invoke_compute_fn(
             ^^^^^^^^^^^^^^^^^^
  File "/home/pablo/Escritorio/visualizacion/Proyecto/.venv/lib/python3.12/site-packages/dagster/_core/execution/plan/compute_generator.py", line 115, in invoke_compute_fn
    return fn(context, **args_to_pass) if context_arg_provided else fn(**args_to_pass)
                                                                    ^^^^^^^^^^^^^^^^^^
  File "/home/pablo/Escritorio/visualizacion/Proyecto/src/proyecto.py", line 66, in limpiar_actividad
    df["o"] = df["o"].astype(int)
              ~~^^^^^
  File "/home/pablo/Escritorio/visualizacion/Proyecto/.venv/lib/python3.12/site-packages/pandas/core/frame.py", line 4378, in __getitem__
    indexer = self.columns.get_loc(key)
              ^^^^^^^^^^^^^^^^^^^^^^^^^
  File "/home/pablo/Escritorio/visualizacion/Proyecto/.venv/lib/python3.12/site-packages/pandas/core/indexes/base.py", line 3648, in get_loc
    raise KeyError(key) from err

The above exception was caused by the following exception:
KeyError: 'o'

Stack Trace:
  File "/home/pablo/Escritorio/visualizacion/Proyecto/.venv/lib/python3.12/site-packages/pandas/core/indexes/base.py", line 3641, in get_loc
    return self._engine.get_loc(casted_key)
           ^^^^^^^^^^^^^^^^^^^^^^^^^^^^^^^^
  File "pandas/_libs/index.pyx", line 168, in pandas._libs.index.IndexEngine.get_loc
  File "pandas/_libs/index.pyx", line 197, in pandas._libs.index.IndexEngine.get_loc
  File "pandas/_libs/hashtable_class_helper.pxi", line 7668, in pandas._libs.hashtable.PyObjectHashTable.get_item
  File "pandas/_libs/hashtable_class_helper.pxi", line 7676, in pandas._libs.hashtable.PyObjectHashTable.get_item
[0m
