[32m2026-05-04 20:53:11 +0100[0m - dagster - [34mDEBUG[0m - __ASSET_JOB - 838c4768-fca1-4819-b3e5-71dab0b108bc - 327183 - LOGS_CAPTURED - Capturing logs for process (pid: 327183).
[32m2026-05-04 20:53:11 +0100[0m - dagster - [34mDEBUG[0m - __ASSET_JOB - 838c4768-fca1-4819-b3e5-71dab0b108bc - 327183 - grafico_actividad - STEP_START - Started execution of step "grafico_actividad".
[32m2026-05-04 20:53:11 +0100[0m - dagster - [34mDEBUG[0m - __ASSET_JOB - 838c4768-fca1-4819-b3e5-71dab0b108bc - grafico_actividad - Loading file from: /home/pablo/Escritorio/visualizacion/Proyecto/src/.tmp_dagster_home_nkfhu003/storage/limpiar_actividad using PickledObjectFilesystemIOManager...
[32m2026-05-04 20:53:11 +0100[0m - dagster - [34mDEBUG[0m - __ASSET_JOB - 838c4768-fca1-4819-b3e5-71dab0b108bc - 327183 - grafico_actividad - LOADED_INPUT - Loaded input "limpiar_actividad" using input manager "io_manager", from output "result" of step "limpiar_actividad"
[32m2026-05-04 20:53:11 +0100[0m - dagster - [34mDEBUG[0m - __ASSET_JOB - 838c4768-fca1-4819-b3e5-71dab0b108bc - 327183 - grafico_actividad - STEP_INPUT - Got input "limpiar_actividad" of type "Any". (Type check passed).
/home/pablo/Escritorio/visualizacion/Proyecto/.venv/lib/python3.12/site-packages/plotnine/ggplot.py:623: PlotnineWarning: Saving 6 x 4 in image.
/home/pablo/Escritorio/visualizacion/Proyecto/.venv/lib/python3.12/site-packages/plotnine/ggplot.py:624: PlotnineWarning: Filename: /home/pablo/Escritorio/visualizacion/Proyecto/outputs/actividad.png
[32m2026-05-04 20:53:13 +0100[0m - dagster - [34mERROR[0m - [31m__ASSET_JOB - 838c4768-fca1-4819-b3e5-71dab0b108bc - 327183 - grafico_actividad - STEP_FAILURE - Execution of step "grafico_actividad" failed.

dagster._core.errors.DagsterExecutionStepExecutionError: Error occurred while executing op "grafico_actividad"::

plotnine.exceptions.PlotnineError: "Could not evaluate the 'x' mapping: 'reorder(Actividad económica, num_casos)' (original error: invalid syntax. Perhaps you forgot a comma? (<string-expression>, line 1))"

Stack Trace:
  File "/home/pablo/Escritorio/visualizacion/Proyecto/.venv/lib/python3.12/site-packages/dagster/_core/execution/plan/utils.py", line 57, in op_execution_error_boundary
    yield
  File "/home/pablo/Escritorio/visualizacion/Proyecto/.venv/lib/python3.12/site-packages/dagster/_utils/__init__.py", line 394, in iterate_with_context
    next_output = next(iterator)
                  ^^^^^^^^^^^^^^
  File "/home/pablo/Escritorio/visualizacion/Proyecto/.venv/lib/python3.12/site-packages/dagster/_core/execution/plan/compute_generator.py", line 135, in _coerce_op_compute_fn_to_iterator
    result = invoke_compute_fn(
             ^^^^^^^^^^^^^^^^^^
  File "/home/pablo/Escritorio/visualizacion/Proyecto/.venv/lib/python3.12/site-packages/dagster/_core/execution/plan/compute_generator.py", line 115, in invoke_compute_fn
    return fn(context, **args_to_pass) if context_arg_provided else fn(**args_to_pass)
                                                                    ^^^^^^^^^^^^^^^^^^
  File "/home/pablo/Escritorio/visualizacion/Proyecto/src/proyecto.py", line 196, in grafico_actividad
    p.save(OUTPUT_DIR / "actividad.png", width=6, height=4, dpi=300)
  File "/home/pablo/Escritorio/visualizacion/Proyecto/.venv/lib/python3.12/site-packages/plotnine/ggplot.py", line 681, in save
    sv = self.save_helper(
         ^^^^^^^^^^^^^^^^^
  File "/home/pablo/Escritorio/visualizacion/Proyecto/.venv/lib/python3.12/site-packages/plotnine/ggplot.py", line 629, in save_helper
    figure = self.draw(show=False)
             ^^^^^^^^^^^^^^^^^^^^^
  File "/home/pablo/Escritorio/visualizacion/Proyecto/.venv/lib/python3.12/site-packages/plotnine/ggplot.py", line 306, in draw
    self._build()
  File "/home/pablo/Escritorio/visualizacion/Proyecto/.venv/lib/python3.12/site-packages/plotnine/ggplot.py", line 379, in _build
    layers.compute_aesthetics(self)
  File "/home/pablo/Escritorio/visualizacion/Proyecto/.venv/lib/python3.12/site-packages/plotnine/layer.py", line 485, in compute_aesthetics
    l.compute_aesthetics(plot)
  File "/home/pablo/Escritorio/visualizacion/Proyecto/.venv/lib/python3.12/site-packages/plotnine/layer.py", line 269, in compute_aesthetics
    evaled = evaluate(self.mapping._starting, self.data, plot.environment)
             ^^^^^^^^^^^^^^^^^^^^^^^^^^^^^^^^^^^^^^^^^^^^^^^^^^^^^^^^^^^^^
  File "/home/pablo/Escritorio/visualizacion/Proyecto/.venv/lib/python3.12/site-packages/plotnine/mapping/evaluation.py", line 168, in evaluate
    raise PlotnineError(msg) from e

The above exception was caused by the following exception:
  File "<string-expression>", line 1
    reorder(Actividad económica, num_casos)
            ^^^^^^^^^^^^^^^^^^^
SyntaxError: invalid syntax. Perhaps you forgot a comma?

Stack Trace:
  File "/home/pablo/Escritorio/visualizacion/Proyecto/.venv/lib/python3.12/site-packages/plotnine/mapping/evaluation.py", line 165, in evaluate
    new_val = env.eval(col, inner_namespace=data)
              ^^^^^^^^^^^^^^^^^^^^^^^^^^^^^^^^^^^
  File "/home/pablo/Escritorio/visualizacion/Proyecto/.venv/lib/python3.12/site-packages/plotnine/mapping/_env.py", line 70, in eval
    code = _compile_eval(expr)
           ^^^^^^^^^^^^^^^^^^^
  File "/home/pablo/Escritorio/visualizacion/Proyecto/.venv/lib/python3.12/site-packages/plotnine/mapping/_env.py", line 244, in _compile_eval
    return compile(source, "<string-expression>", "eval")
           ^^^^^^^^^^^^^^^^^^^^^^^^^^^^^^^^^^^^^^^^^^^^^^
[0m
