[32m2026-03-10 16:40:39 +0000[0m - dagster - [34mDEBUG[0m - __ASSET_JOB - bf4febf5-b20c-44b7-b06b-54c75a9641d1 - 180955 - LOGS_CAPTURED - Started capturing logs in process (pid: 180955).
[32m2026-03-10 16:40:39 +0000[0m - dagster - [34mDEBUG[0m - __ASSET_JOB - bf4febf5-b20c-44b7-b06b-54c75a9641d1 - 180955 - grafico_barras_agrupadas_check_cardinalidad - STEP_START - Started execution of step "grafico_barras_agrupadas_check_cardinalidad".
[32m2026-03-10 16:40:39 +0000[0m - dagster - [34mDEBUG[0m - __ASSET_JOB - bf4febf5-b20c-44b7-b06b-54c75a9641d1 - grafico_barras_agrupadas_check_cardinalidad - Loading file from: /home/pablo/Escritorio/visualizacion/Práctica 2 - Gramática de Gráficos. DataOps/.tmp_dagster_home_yj0a35jm/storage/grafico_barras_agrupadas using PickledObjectFilesystemIOManager...
[32m2026-03-10 16:40:39 +0000[0m - dagster - [34mDEBUG[0m - __ASSET_JOB - bf4febf5-b20c-44b7-b06b-54c75a9641d1 - 180955 - grafico_barras_agrupadas_check_cardinalidad - LOADED_INPUT - Loaded input "limpiar_datos" using input manager "io_manager", from output "result" of step "grafico_barras_agrupadas"
[32m2026-03-10 16:40:39 +0000[0m - dagster - [34mDEBUG[0m - __ASSET_JOB - bf4febf5-b20c-44b7-b06b-54c75a9641d1 - 180955 - grafico_barras_agrupadas_check_cardinalidad - STEP_INPUT - Got input "limpiar_datos" of type "Any". (Type check passed).
[32m2026-03-10 16:40:39 +0000[0m - dagster - [34mERROR[0m - [31m__ASSET_JOB - bf4febf5-b20c-44b7-b06b-54c75a9641d1 - 180955 - grafico_barras_agrupadas_check_cardinalidad - STEP_FAILURE - Execution of step "grafico_barras_agrupadas_check_cardinalidad" failed.

dagster._core.errors.DagsterExecutionStepExecutionError: Error occurred while executing op "grafico_barras_agrupadas_check_cardinalidad"::

AttributeError: 'str' object has no attribute 'copy'

Stack Trace:
  File "/home/pablo/Escritorio/visualizacion/venv/lib/python3.12/site-packages/dagster/_core/execution/plan/utils.py", line 57, in op_execution_error_boundary
    yield
  File "/home/pablo/Escritorio/visualizacion/venv/lib/python3.12/site-packages/dagster/_utils/__init__.py", line 394, in iterate_with_context
    next_output = next(iterator)
                  ^^^^^^^^^^^^^^
  File "/home/pablo/Escritorio/visualizacion/venv/lib/python3.12/site-packages/dagster/_core/execution/plan/compute_generator.py", line 135, in _coerce_op_compute_fn_to_iterator
    result = invoke_compute_fn(
             ^^^^^^^^^^^^^^^^^^
  File "/home/pablo/Escritorio/visualizacion/venv/lib/python3.12/site-packages/dagster/_core/execution/plan/compute_generator.py", line 115, in invoke_compute_fn
    return fn(context, **args_to_pass) if context_arg_provided else fn(**args_to_pass)
                                                                    ^^^^^^^^^^^^^^^^^^
  File "/home/pablo/Escritorio/visualizacion/Práctica 2 - Gramática de Gráficos. DataOps/src/lab_renta.py", line 242, in check_cardinalidad
    df = limpiar_datos.copy()
         ^^^^^^^^^^^^^^^^^^
[0m
