[32m2026-05-22 19:35:12 +0100[0m - dagster - [34mDEBUG[0m - __ASSET_JOB - 9bffaeb5-9310-439c-8454-1898c944b1ba - 493409 - LOGS_CAPTURED - Capturing logs for process (pid: 493409).
[32m2026-05-22 19:35:12 +0100[0m - dagster - [34mDEBUG[0m - __ASSET_JOB - 9bffaeb5-9310-439c-8454-1898c944b1ba - 493409 - grafico_renta_media - STEP_START - Started execution of step "grafico_renta_media".
[32m2026-05-22 19:35:12 +0100[0m - dagster - [34mDEBUG[0m - __ASSET_JOB - 9bffaeb5-9310-439c-8454-1898c944b1ba - grafico_renta_media - Loading file from: /home/pablo/Escritorio/c/visualizacion/.tmp_dagster_home_gyuhkxyd/storage/limpiar_renta using PickledObjectFilesystemIOManager...
[32m2026-05-22 19:35:12 +0100[0m - dagster - [34mDEBUG[0m - __ASSET_JOB - 9bffaeb5-9310-439c-8454-1898c944b1ba - 493409 - grafico_renta_media - LOADED_INPUT - Loaded input "limpiar_renta" using input manager "io_manager", from output "result" of step "limpiar_renta"
[32m2026-05-22 19:35:12 +0100[0m - dagster - [34mDEBUG[0m - __ASSET_JOB - 9bffaeb5-9310-439c-8454-1898c944b1ba - 493409 - grafico_renta_media - STEP_INPUT - Got input "limpiar_renta" of type "Any". (Type check passed).
/home/pablo/Escritorio/c/visualizacion/venv/lib/python3.12/site-packages/plotnine/ggplot.py:623: PlotnineWarning: Saving 6 x 4 in image.
/home/pablo/Escritorio/c/visualizacion/venv/lib/python3.12/site-packages/plotnine/ggplot.py:624: PlotnineWarning: Filename: /home/pablo/Escritorio/c/visualizacion/Proyecto/outputs/renta_media.png
[32m2026-05-22 19:35:14 +0100[0m - dagster - [34mERROR[0m - [31m__ASSET_JOB - 9bffaeb5-9310-439c-8454-1898c944b1ba - 493409 - grafico_renta_media - STEP_FAILURE - Execution of step "grafico_renta_media" failed.

dagster._core.errors.DagsterExecutionStepExecutionError: Error occurred while executing op "grafico_renta_media"::

TypeError: subir_visualizaciones_github() takes 0 positional arguments but 1 was given

Stack Trace:
  File "/home/pablo/Escritorio/c/visualizacion/venv/lib/python3.12/site-packages/dagster/_core/execution/plan/utils.py", line 57, in op_execution_error_boundary
    yield
  File "/home/pablo/Escritorio/c/visualizacion/venv/lib/python3.12/site-packages/dagster/_utils/__init__.py", line 394, in iterate_with_context
    next_output = next(iterator)
                  ^^^^^^^^^^^^^^
  File "/home/pablo/Escritorio/c/visualizacion/venv/lib/python3.12/site-packages/dagster/_core/execution/plan/compute_generator.py", line 135, in _coerce_op_compute_fn_to_iterator
    result = invoke_compute_fn(
             ^^^^^^^^^^^^^^^^^^
  File "/home/pablo/Escritorio/c/visualizacion/venv/lib/python3.12/site-packages/dagster/_core/execution/plan/compute_generator.py", line 115, in invoke_compute_fn
    return fn(context, **args_to_pass) if context_arg_provided else fn(**args_to_pass)
                                                                    ^^^^^^^^^^^^^^^^^^
  File "/home/pablo/Escritorio/c/visualizacion/Proyecto/src/proyecto.py", line 242, in grafico_renta_media
    subir_visualizaciones_github(OUTPUT_DIR / "renta_media.png")
[0m
