[32m2026-05-22 19:35:19 +0100[0m - dagster - [34mDEBUG[0m - __ASSET_JOB - 9bffaeb5-9310-439c-8454-1898c944b1ba - 493822 - LOGS_CAPTURED - Capturing logs for process (pid: 493822).
[32m2026-05-22 19:35:19 +0100[0m - dagster - [34mDEBUG[0m - __ASSET_JOB - 9bffaeb5-9310-439c-8454-1898c944b1ba - 493822 - grafico_renta_vs_ocupacion - STEP_START - Started execution of step "grafico_renta_vs_ocupacion".
[32m2026-05-22 19:35:19 +0100[0m - dagster - [34mDEBUG[0m - __ASSET_JOB - 9bffaeb5-9310-439c-8454-1898c944b1ba - grafico_renta_vs_ocupacion - Loading file from: /home/pablo/Escritorio/c/visualizacion/.tmp_dagster_home_gyuhkxyd/storage/unir_renta_ocupacion using PickledObjectFilesystemIOManager...
[32m2026-05-22 19:35:19 +0100[0m - dagster - [34mDEBUG[0m - __ASSET_JOB - 9bffaeb5-9310-439c-8454-1898c944b1ba - 493822 - grafico_renta_vs_ocupacion - LOADED_INPUT - Loaded input "unir_renta_ocupacion" using input manager "io_manager", from output "result" of step "unir_renta_ocupacion"
[32m2026-05-22 19:35:19 +0100[0m - dagster - [34mDEBUG[0m - __ASSET_JOB - 9bffaeb5-9310-439c-8454-1898c944b1ba - 493822 - grafico_renta_vs_ocupacion - STEP_INPUT - Got input "unir_renta_ocupacion" of type "Any". (Type check passed).
/home/pablo/Escritorio/c/visualizacion/venv/lib/python3.12/site-packages/plotnine/ggplot.py:623: PlotnineWarning: Saving 6 x 4 in image.
/home/pablo/Escritorio/c/visualizacion/venv/lib/python3.12/site-packages/plotnine/ggplot.py:624: PlotnineWarning: Filename: /home/pablo/Escritorio/c/visualizacion/Proyecto/outputs/renta_vs_ocupacion.png
[32m2026-05-22 19:35:21 +0100[0m - dagster - [34mERROR[0m - [31m__ASSET_JOB - 9bffaeb5-9310-439c-8454-1898c944b1ba - 493822 - grafico_renta_vs_ocupacion - STEP_FAILURE - Execution of step "grafico_renta_vs_ocupacion" failed.

dagster._core.errors.DagsterExecutionStepExecutionError: Error occurred while executing op "grafico_renta_vs_ocupacion"::

TypeError: subir_visualizaciones_github() takes 0 positional arguments but 1 was given

Stack Trace:
  File "/home/pablo/Escritorio/c/visualizacion/venv/lib/python3.12/site-packages/dagster/_core/execution/plan/utils.py", line 57, in op_execution_error_boundary
    yield
  File "/home/pablo/Escritorio/c/visualizacion/venv/lib/python3.12/site-packages/dagster/_utils/__init__.py", line 394, in iterate_with_context
    next_output = next(iterator)
                  ^^^^^^^^^^^^^^
  File "/home/pablo/Escritorio/c/visualizacion/venv/lib/python3.12/site-packages/dagster/_core/execution/plan/compute_generator.py", line 135, in _coerce_op_compute_fn_to_iterator
    result = invoke_compute_fn(
             ^^^^^^^^^^^^^^^^^^
  File "/home/pablo/Escritorio/c/visualizacion/venv/lib/python3.12/site-packages/dagster/_core/execution/plan/compute_generator.py", line 115, in invoke_compute_fn
    return fn(context, **args_to_pass) if context_arg_provided else fn(**args_to_pass)
                                                                    ^^^^^^^^^^^^^^^^^^
  File "/home/pablo/Escritorio/c/visualizacion/Proyecto/src/proyecto.py", line 293, in grafico_renta_vs_ocupacion
    subir_visualizaciones_github(OUTPUT_DIR / "renta_vs_ocupacion.png")
[0m
