[32m2026-05-22 19:35:17 +0100[0m - dagster - [34mDEBUG[0m - __ASSET_JOB - 9bffaeb5-9310-439c-8454-1898c944b1ba - 493753 - LOGS_CAPTURED - Capturing logs for process (pid: 493753).
[32m2026-05-22 19:35:17 +0100[0m - dagster - [34mDEBUG[0m - __ASSET_JOB - 9bffaeb5-9310-439c-8454-1898c944b1ba - 493753 - mapa_servicios - STEP_START - Started execution of step "mapa_servicios".
[32m2026-05-22 19:35:18 +0100[0m - dagster - [34mDEBUG[0m - __ASSET_JOB - 9bffaeb5-9310-439c-8454-1898c944b1ba - mapa_servicios - Loading file from: /home/pablo/Escritorio/c/visualizacion/.tmp_dagster_home_gyuhkxyd/storage/unir_servicios_mapa using PickledObjectFilesystemIOManager...
[32m2026-05-22 19:35:18 +0100[0m - dagster - [34mDEBUG[0m - __ASSET_JOB - 9bffaeb5-9310-439c-8454-1898c944b1ba - 493753 - mapa_servicios - LOADED_INPUT - Loaded input "unir_servicios_mapa" using input manager "io_manager", from output "result" of step "unir_servicios_mapa"
[32m2026-05-22 19:35:18 +0100[0m - dagster - [34mDEBUG[0m - __ASSET_JOB - 9bffaeb5-9310-439c-8454-1898c944b1ba - 493753 - mapa_servicios - STEP_INPUT - Got input "unir_servicios_mapa" of type "Any". (Type check passed).
[32m2026-05-22 19:35:20 +0100[0m - dagster - [34mERROR[0m - [31m__ASSET_JOB - 9bffaeb5-9310-439c-8454-1898c944b1ba - 493753 - mapa_servicios - STEP_FAILURE - Execution of step "mapa_servicios" failed.

dagster._core.errors.DagsterExecutionStepExecutionError: Error occurred while executing op "mapa_servicios"::

TypeError: subir_visualizaciones_github() takes 0 positional arguments but 1 was given

Stack Trace:
  File "/home/pablo/Escritorio/c/visualizacion/venv/lib/python3.12/site-packages/dagster/_core/execution/plan/utils.py", line 57, in op_execution_error_boundary
    yield
  File "/home/pablo/Escritorio/c/visualizacion/venv/lib/python3.12/site-packages/dagster/_utils/__init__.py", line 394, in iterate_with_context
    next_output = next(iterator)
                  ^^^^^^^^^^^^^^
  File "/home/pablo/Escritorio/c/visualizacion/venv/lib/python3.12/site-packages/dagster/_core/execution/plan/compute_generator.py", line 135, in _coerce_op_compute_fn_to_iterator
    result = invoke_compute_fn(
             ^^^^^^^^^^^^^^^^^^
  File "/home/pablo/Escritorio/c/visualizacion/venv/lib/python3.12/site-packages/dagster/_core/execution/plan/compute_generator.py", line 115, in invoke_compute_fn
    return fn(context, **args_to_pass) if context_arg_provided else fn(**args_to_pass)
                                                                    ^^^^^^^^^^^^^^^^^^
  File "/home/pablo/Escritorio/c/visualizacion/Proyecto/src/proyecto.py", line 455, in mapa_servicios
    subir_visualizaciones_github(OUTPUT_DIR / "mapa_servicios_2023.png")
[0m
