[32m2026-03-29 17:45:18 +0100[0m - dagster - [34mDEBUG[0m - __ASSET_JOB - 3fe5412d-ace8-4bbb-90da-530d1ab48001 - 830207 - LOGS_CAPTURED - Started capturing logs in process (pid: 830207).
[32m2026-03-29 17:45:18 +0100[0m - dagster - [34mDEBUG[0m - __ASSET_JOB - 3fe5412d-ace8-4bbb-90da-530d1ab48001 - 830207 - cargar_municipios_geojson - STEP_START - Started execution of step "cargar_municipios_geojson".
[32m2026-03-29 17:45:18 +0100[0m - dagster - [34mERROR[0m - [31m__ASSET_JOB - 3fe5412d-ace8-4bbb-90da-530d1ab48001 - 830207 - cargar_municipios_geojson - STEP_FAILURE - Execution of step "cargar_municipios_geojson" failed.

dagster._core.errors.DagsterExecutionStepExecutionError: Error occurred while executing op "cargar_municipios_geojson"::

pyogrio.errors.DataSourceError: /home/pablo/Escritorio/visualizacion/visualizacion/Práctica 4 - Automatización. Sensores/data/Municipios-2024.json: No such file or directory

Stack Trace:
  File "/home/pablo/Escritorio/visualizacion/venv/lib/python3.12/site-packages/dagster/_core/execution/plan/utils.py", line 57, in op_execution_error_boundary
    yield
  File "/home/pablo/Escritorio/visualizacion/venv/lib/python3.12/site-packages/dagster/_utils/__init__.py", line 394, in iterate_with_context
    next_output = next(iterator)
                  ^^^^^^^^^^^^^^
  File "/home/pablo/Escritorio/visualizacion/venv/lib/python3.12/site-packages/dagster/_core/execution/plan/compute_generator.py", line 135, in _coerce_op_compute_fn_to_iterator
    result = invoke_compute_fn(
             ^^^^^^^^^^^^^^^^^^
  File "/home/pablo/Escritorio/visualizacion/venv/lib/python3.12/site-packages/dagster/_core/execution/plan/compute_generator.py", line 115, in invoke_compute_fn
    return fn(context, **args_to_pass) if context_arg_provided else fn(**args_to_pass)
                                                                    ^^^^^^^^^^^^^^^^^^
  File "/home/pablo/Escritorio/visualizacion/visualizacion/Práctica 4 - Automatización. Sensores/src/lab_renta.py", line 32, in cargar_municipios_geojson
    geo = gpd.read_file(DATA_DIR / "Municipios-2024.json")
          ^^^^^^^^^^^^^^^^^^^^^^^^^^^^^^^^^^^^^^^^^^^^^^^^
  File "/home/pablo/Escritorio/visualizacion/venv/lib/python3.12/site-packages/geopandas/io/file.py", line 316, in _read_file
    return _read_file_pyogrio(
           ^^^^^^^^^^^^^^^^^^^
  File "/home/pablo/Escritorio/visualizacion/venv/lib/python3.12/site-packages/geopandas/io/file.py", line 576, in _read_file_pyogrio
    return pyogrio.read_dataframe(path_or_bytes, bbox=bbox, **kwargs)
           ^^^^^^^^^^^^^^^^^^^^^^^^^^^^^^^^^^^^^^^^^^^^^^^^^^^^^^^^^^
  File "/home/pablo/Escritorio/visualizacion/venv/lib/python3.12/site-packages/pyogrio/geopandas.py", line 382, in read_dataframe
    result = read_func(
             ^^^^^^^^^^
  File "/home/pablo/Escritorio/visualizacion/venv/lib/python3.12/site-packages/pyogrio/raw.py", line 200, in read
    return ogr_read(
           ^^^^^^^^^
  File "pyogrio/_io.pyx", line 1412, in pyogrio._io.ogr_read
  File "pyogrio/_io.pyx", line 262, in pyogrio._io.ogr_open
[0m
