[32m2026-03-29 17:48:46 +0100[0m - dagster - [34mDEBUG[0m - __ASSET_JOB - db6dbbb2-1b14-4639-8aef-b7be382412a7 - 837768 - LOGS_CAPTURED - Started capturing logs in process (pid: 837768).
[32m2026-03-29 17:48:46 +0100[0m - dagster - [34mDEBUG[0m - __ASSET_JOB - db6dbbb2-1b14-4639-8aef-b7be382412a7 - 837768 - visualizacion_ia - STEP_START - Started execution of step "visualizacion_ia".
[32m2026-03-29 17:48:46 +0100[0m - dagster - [34mDEBUG[0m - __ASSET_JOB - db6dbbb2-1b14-4639-8aef-b7be382412a7 - visualizacion_ia - Loading file from: /home/pablo/Escritorio/visualizacion/visualizacion/Práctica 4 - Automatización. Sensores/.tmp_dagster_home_x6iml9c7/storage/codigo_generado_ia using PickledObjectFilesystemIOManager...
[32m2026-03-29 17:48:46 +0100[0m - dagster - [34mDEBUG[0m - __ASSET_JOB - db6dbbb2-1b14-4639-8aef-b7be382412a7 - 837768 - visualizacion_ia - LOADED_INPUT - Loaded input "codigo_generado_ia" using input manager "io_manager", from output "result" of step "codigo_generado_ia"
[32m2026-03-29 17:48:46 +0100[0m - dagster - [34mDEBUG[0m - __ASSET_JOB - db6dbbb2-1b14-4639-8aef-b7be382412a7 - visualizacion_ia - Loading file from: /home/pablo/Escritorio/visualizacion/visualizacion/Práctica 4 - Automatización. Sensores/.tmp_dagster_home_x6iml9c7/storage/limpiar_datos using PickledObjectFilesystemIOManager...
[32m2026-03-29 17:48:46 +0100[0m - dagster - [34mDEBUG[0m - __ASSET_JOB - db6dbbb2-1b14-4639-8aef-b7be382412a7 - 837768 - visualizacion_ia - LOADED_INPUT - Loaded input "limpiar_datos" using input manager "io_manager", from output "result" of step "limpiar_datos"
[32m2026-03-29 17:48:46 +0100[0m - dagster - [34mDEBUG[0m - __ASSET_JOB - db6dbbb2-1b14-4639-8aef-b7be382412a7 - 837768 - visualizacion_ia - STEP_INPUT - Got input "codigo_generado_ia" of type "Any". (Type check passed).
[32m2026-03-29 17:48:46 +0100[0m - dagster - [34mDEBUG[0m - __ASSET_JOB - db6dbbb2-1b14-4639-8aef-b7be382412a7 - 837768 - visualizacion_ia - STEP_INPUT - Got input "limpiar_datos" of type "Any". (Type check passed).
[32m2026-03-29 17:48:46 +0100[0m - dagster - [34mERROR[0m - [31m__ASSET_JOB - db6dbbb2-1b14-4639-8aef-b7be382412a7 - visualizacion_ia - Error al renderizar el gráfico: 'There no themeable element called: xlab'[0m
[32m2026-03-29 17:48:46 +0100[0m - dagster - [34mERROR[0m - [31m__ASSET_JOB - db6dbbb2-1b14-4639-8aef-b7be382412a7 - 837768 - visualizacion_ia - STEP_FAILURE - Execution of step "visualizacion_ia" failed.

dagster._core.errors.DagsterExecutionStepExecutionError: Error occurred while executing op "visualizacion_ia"::

plotnine.exceptions.PlotnineError: 'There no themeable element called: xlab'

Stack Trace:
  File "/home/pablo/Escritorio/visualizacion/venv/lib/python3.12/site-packages/dagster/_core/execution/plan/utils.py", line 57, in op_execution_error_boundary
    yield
  File "/home/pablo/Escritorio/visualizacion/venv/lib/python3.12/site-packages/dagster/_utils/__init__.py", line 394, in iterate_with_context
    next_output = next(iterator)
                  ^^^^^^^^^^^^^^
  File "/home/pablo/Escritorio/visualizacion/venv/lib/python3.12/site-packages/dagster/_core/execution/plan/compute_generator.py", line 135, in _coerce_op_compute_fn_to_iterator
    result = invoke_compute_fn(
             ^^^^^^^^^^^^^^^^^^
  File "/home/pablo/Escritorio/visualizacion/venv/lib/python3.12/site-packages/dagster/_core/execution/plan/compute_generator.py", line 115, in invoke_compute_fn
    return fn(context, **args_to_pass) if context_arg_provided else fn(**args_to_pass)
           ^^^^^^^^^^^^^^^^^^^^^^^^^^^
  File "/home/pablo/Escritorio/visualizacion/visualizacion/Práctica 4 - Automatización. Sensores/src/lab_renta.py", line 379, in visualizacion_ia
    raise e
  File "/home/pablo/Escritorio/visualizacion/visualizacion/Práctica 4 - Automatización. Sensores/src/lab_renta.py", line 359, in visualizacion_ia
    grafico = entorno_ejecucion["generar_plot"](df)
              ^^^^^^^^^^^^^^^^^^^^^^^^^^^^^^^^^^^^^
  File "<string>", line 12, in generar_plot
  File "/home/pablo/Escritorio/visualizacion/venv/lib/python3.12/site-packages/plotnine/themes/theme.py", line 245, in __init__
    self.themeables[name] = new(name, element)
                            ^^^^^^^^^^^^^^^^^^
  File "/home/pablo/Escritorio/visualizacion/venv/lib/python3.12/site-packages/plotnine/themes/themeable.py", line 139, in from_class_name
    raise PlotnineError(msg) from e

The above exception was caused by the following exception:
KeyError: 'xlab'

Stack Trace:
  File "/home/pablo/Escritorio/visualizacion/venv/lib/python3.12/site-packages/plotnine/themes/themeable.py", line 137, in from_class_name
    klass: Type[themeable] = themeable._registry[name]
                             ~~~~~~~~~~~~~~~~~~~^^^^^^
[0m
