[32m2026-05-05 18:09:21 +0100[0m - dagster - [34mDEBUG[0m - __ASSET_JOB - 63a1273f-2f24-4c04-97a3-e8b2d1a30435 - 483836 - LOGS_CAPTURED - Capturing logs for process (pid: 483836).
[32m2026-05-05 18:09:21 +0100[0m - dagster - [34mDEBUG[0m - __ASSET_JOB - 63a1273f-2f24-4c04-97a3-e8b2d1a30435 - 483836 - mapa_renta_2023 - STEP_START - Started execution of step "mapa_renta_2023".
[32m2026-05-05 18:09:21 +0100[0m - dagster - [34mDEBUG[0m - __ASSET_JOB - 63a1273f-2f24-4c04-97a3-e8b2d1a30435 - mapa_renta_2023 - Loading file from: /home/pablo/Escritorio/visualizacion/Proyecto/src/.tmp_dagster_home_nkfhu003/storage/unir_renta_mapa using PickledObjectFilesystemIOManager...
[32m2026-05-05 18:09:21 +0100[0m - dagster - [34mDEBUG[0m - __ASSET_JOB - 63a1273f-2f24-4c04-97a3-e8b2d1a30435 - 483836 - mapa_renta_2023 - LOADED_INPUT - Loaded input "unir_renta_mapa" using input manager "io_manager", from output "result" of step "unir_renta_mapa"
[32m2026-05-05 18:09:21 +0100[0m - dagster - [34mDEBUG[0m - __ASSET_JOB - 63a1273f-2f24-4c04-97a3-e8b2d1a30435 - 483836 - mapa_renta_2023 - STEP_INPUT - Got input "unir_renta_mapa" of type "Any". (Type check passed).
[32m2026-05-05 18:09:22 +0100[0m - dagster - [34mERROR[0m - [31m__ASSET_JOB - 63a1273f-2f24-4c04-97a3-e8b2d1a30435 - 483836 - mapa_renta_2023 - STEP_FAILURE - Execution of step "mapa_renta_2023" failed.

dagster._core.errors.DagsterExecutionStepExecutionError: Error occurred while executing op "mapa_renta_2023"::

ImportError: The 'mapclassify' package is required to use the 'scheme' keyword.

Stack Trace:
  File "/home/pablo/Escritorio/visualizacion/Proyecto/.venv/lib/python3.12/site-packages/dagster/_core/execution/plan/utils.py", line 57, in op_execution_error_boundary
    yield
  File "/home/pablo/Escritorio/visualizacion/Proyecto/.venv/lib/python3.12/site-packages/dagster/_utils/__init__.py", line 394, in iterate_with_context
    next_output = next(iterator)
                  ^^^^^^^^^^^^^^
  File "/home/pablo/Escritorio/visualizacion/Proyecto/.venv/lib/python3.12/site-packages/dagster/_core/execution/plan/compute_generator.py", line 135, in _coerce_op_compute_fn_to_iterator
    result = invoke_compute_fn(
             ^^^^^^^^^^^^^^^^^^
  File "/home/pablo/Escritorio/visualizacion/Proyecto/.venv/lib/python3.12/site-packages/dagster/_core/execution/plan/compute_generator.py", line 115, in invoke_compute_fn
    return fn(context, **args_to_pass) if context_arg_provided else fn(**args_to_pass)
                                                                    ^^^^^^^^^^^^^^^^^^
  File "/home/pablo/Escritorio/visualizacion/Proyecto/src/proyecto.py", line 341, in mapa_renta_2023
    gdf.plot(
  File "/home/pablo/Escritorio/visualizacion/Proyecto/.venv/lib/python3.12/site-packages/geopandas/plotting.py", line 962, in __call__
    return plot_dataframe(data, *args, **kwargs)
           ^^^^^^^^^^^^^^^^^^^^^^^^^^^^^^^^^^^^^
  File "/home/pablo/Escritorio/visualizacion/Proyecto/.venv/lib/python3.12/site-packages/geopandas/plotting.py", line 739, in plot_dataframe
    raise ImportError(mc_err)

The above exception occurred during handling of the following exception:
ModuleNotFoundError: No module named 'mapclassify'

Stack Trace:
  File "/home/pablo/Escritorio/visualizacion/Proyecto/.venv/lib/python3.12/site-packages/geopandas/plotting.py", line 736, in plot_dataframe
    import mapclassify
[0m
