En la rama main
Tu rama está actualizada con 'origin/main'.

Cambios no rastreados para el commit:
  (usa "git add/rm <archivo>..." para actualizar a lo que se le va a hacer commit)
  (usa "git restore <archivo>..." para descartar los cambios en el directorio de trabajo)
	borrados:        .tmp_dagster_home_frdxsf0x/history/runs.db
	borrados:        .tmp_dagster_home_frdxsf0x/history/runs/.db
	borrados:        .tmp_dagster_home_frdxsf0x/history/runs/51b3c9ec-cce1-490c-afec-01d4d917b224.db
	borrados:        .tmp_dagster_home_frdxsf0x/history/runs/a2e813af-4d95-4bb2-ba69-acb7ce291732.db
	borrados:        .tmp_dagster_home_frdxsf0x/history/runs/cb635e87-a6d6-43a8-a7e1-d884144db0a9.db
	borrados:        .tmp_dagster_home_frdxsf0x/history/runs/index.db
	borrados:        .tmp_dagster_home_frdxsf0x/schedules/schedules.db
	borrados:        .tmp_dagster_home_frdxsf0x/storage/51b3c9ec-cce1-490c-afec-01d4d917b224/compute_logs/avcyyhkg.complete
	borrados:        .tmp_dagster_home_frdxsf0x/storage/51b3c9ec-cce1-490c-afec-01d4d917b224/compute_logs/avcyyhkg.err
	borrados:        .tmp_dagster_home_frdxsf0x/storage/51b3c9ec-cce1-490c-afec-01d4d917b224/compute_logs/avcyyhkg.out
	borrados:        .tmp_dagster_home_frdxsf0x/storage/51b3c9ec-cce1-490c-afec-01d4d917b224/compute_logs/cfkjwegb.complete
	borrados:        .tmp_dagster_home_frdxsf0x/storage/51b3c9ec-cce1-490c-afec-01d4d917b224/compute_logs/cfkjwegb.err
	borrados:        .tmp_dagster_home_frdxsf0x/storage/51b3c9ec-cce1-490c-afec-01d4d917b224/compute_logs/cfkjwegb.out
	borrados:        .tmp_dagster_home_frdxsf0x/storage/51b3c9ec-cce1-490c-afec-01d4d917b224/compute_logs/cjyqvkbn.complete
	borrados:        .tmp_dagster_home_frdxsf0x/storage/51b3c9ec-cce1-490c-afec-01d4d917b224/compute_logs/cjyqvkbn.err
	borrados:        .tmp_dagster_home_frdxsf0x/storage/51b3c9ec-cce1-490c-afec-01d4d917b224/compute_logs/cjyqvkbn.out
	borrados:        .tmp_dagster_home_frdxsf0x/storage/51b3c9ec-cce1-490c-afec-01d4d917b224/compute_logs/eisgkdjt.complete
	borrados:        .tmp_dagster_home_frdxsf0x/storage/51b3c9ec-cce1-490c-afec-01d4d917b224/compute_logs/eisgkdjt.err
	borrados:        .tmp_dagster_home_frdxsf0x/storage/51b3c9ec-cce1-490c-afec-01d4d917b224/compute_logs/eisgkdjt.out
	borrados:        .tmp_dagster_home_frdxsf0x/storage/51b3c9ec-cce1-490c-afec-01d4d917b224/compute_logs/eycxayxv.complete
	borrados:        .tmp_dagster_home_frdxsf0x/storage/51b3c9ec-cce1-490c-afec-01d4d917b224/compute_logs/eycxayxv.err
	borrados:        .tmp_dagster_home_frdxsf0x/storage/51b3c9ec-cce1-490c-afec-01d4d917b224/compute_logs/eycxayxv.out
	borrados:        .tmp_dagster_home_frdxsf0x/storage/51b3c9ec-cce1-490c-afec-01d4d917b224/compute_logs/frqcenzm.complete
	borrados:        .tmp_dagster_home_frdxsf0x/storage/51b3c9ec-cce1-490c-afec-01d4d917b224/compute_logs/frqcenzm.err
	borrados:        .tmp_dagster_home_frdxsf0x/storage/51b3c9ec-cce1-490c-afec-01d4d917b224/compute_logs/frqcenzm.out
	borrados:        .tmp_dagster_home_frdxsf0x/storage/51b3c9ec-cce1-490c-afec-01d4d917b224/compute_logs/hhvyqghu.complete
	borrados:        .tmp_dagster_home_frdxsf0x/storage/51b3c9ec-cce1-490c-afec-01d4d917b224/compute_logs/hhvyqghu.err
	borrados:        .tmp_dagster_home_frdxsf0x/storage/51b3c9ec-cce1-490c-afec-01d4d917b224/compute_logs/hhvyqghu.out
	borrados:        .tmp_dagster_home_frdxsf0x/storage/51b3c9ec-cce1-490c-afec-01d4d917b224/compute_logs/jbzkazaa.complete
	borrados:        .tmp_dagster_home_frdxsf0x/storage/51b3c9ec-cce1-490c-afec-01d4d917b224/compute_logs/jbzkazaa.err
	borrados:        .tmp_dagster_home_frdxsf0x/storage/51b3c9ec-cce1-490c-afec-01d4d917b224/compute_logs/jbzkazaa.out
	borrados:        .tmp_dagster_home_frdxsf0x/storage/51b3c9ec-cce1-490c-afec-01d4d917b224/compute_logs/kqnpnemp.complete
	borrados:        .tmp_dagster_home_frdxsf0x/storage/51b3c9ec-cce1-490c-afec-01d4d917b224/compute_logs/kqnpnemp.err
	borrados:        .tmp_dagster_home_frdxsf0x/storage/51b3c9ec-cce1-490c-afec-01d4d917b224/compute_logs/kqnpnemp.out
	borrados:        .tmp_dagster_home_frdxsf0x/storage/51b3c9ec-cce1-490c-afec-01d4d917b224/compute_logs/ltuvmdsb.complete
	borrados:        .tmp_dagster_home_frdxsf0x/storage/51b3c9ec-cce1-490c-afec-01d4d917b224/compute_logs/ltuvmdsb.err
	borrados:        .tmp_dagster_home_frdxsf0x/storage/51b3c9ec-cce1-490c-afec-01d4d917b224/compute_logs/ltuvmdsb.out
	borrados:        .tmp_dagster_home_frdxsf0x/storage/51b3c9ec-cce1-490c-afec-01d4d917b224/compute_logs/rpnalgmn.complete
	borrados:        .tmp_dagster_home_frdxsf0x/storage/51b3c9ec-cce1-490c-afec-01d4d917b224/compute_logs/rpnalgmn.err
	borrados:        .tmp_dagster_home_frdxsf0x/storage/51b3c9ec-cce1-490c-afec-01d4d917b224/compute_logs/rpnalgmn.out
	borrados:        .tmp_dagster_home_frdxsf0x/storage/51b3c9ec-cce1-490c-afec-01d4d917b224/compute_logs/rtpifbsc.complete
	borrados:        .tmp_dagster_home_frdxsf0x/storage/51b3c9ec-cce1-490c-afec-01d4d917b224/compute_logs/rtpifbsc.err
	borrados:        .tmp_dagster_home_frdxsf0x/storage/51b3c9ec-cce1-490c-afec-01d4d917b224/compute_logs/rtpifbsc.out
	borrados:        .tmp_dagster_home_frdxsf0x/storage/51b3c9ec-cce1-490c-afec-01d4d917b224/compute_logs/utlnquwy.complete
	borrados:        .tmp_dagster_home_frdxsf0x/storage/51b3c9ec-cce1-490c-afec-01d4d917b224/compute_logs/utlnquwy.err
	borrados:        .tmp_dagster_home_frdxsf0x/storage/51b3c9ec-cce1-490c-afec-01d4d917b224/compute_logs/utlnquwy.out
	borrados:        .tmp_dagster_home_frdxsf0x/storage/51b3c9ec-cce1-490c-afec-01d4d917b224/compute_logs/uyxrdcox.complete
	borrados:        .tmp_dagster_home_frdxsf0x/storage/51b3c9ec-cce1-490c-afec-01d4d917b224/compute_logs/uyxrdcox.err
	borrados:        .tmp_dagster_home_frdxsf0x/storage/51b3c9ec-cce1-490c-afec-01d4d917b224/compute_logs/uyxrdcox.out
	borrados:        .tmp_dagster_home_frdxsf0x/storage/51b3c9ec-cce1-490c-afec-01d4d917b224/compute_logs/vjotlxwy.complete
	borrados:        .tmp_dagster_home_frdxsf0x/storage/51b3c9ec-cce1-490c-afec-01d4d917b224/compute_logs/vjotlxwy.err
	borrados:        .tmp_dagster_home_frdxsf0x/storage/51b3c9ec-cce1-490c-afec-01d4d917b224/compute_logs/vjotlxwy.out
	borrados:        .tmp_dagster_home_frdxsf0x/storage/51b3c9ec-cce1-490c-afec-01d4d917b224/compute_logs/vjsibbqq.complete
	borrados:        .tmp_dagster_home_frdxsf0x/storage/51b3c9ec-cce1-490c-afec-01d4d917b224/compute_logs/vjsibbqq.err
	borrados:        .tmp_dagster_home_frdxsf0x/storage/51b3c9ec-cce1-490c-afec-01d4d917b224/compute_logs/vjsibbqq.out
	borrados:        .tmp_dagster_home_frdxsf0x/storage/51b3c9ec-cce1-490c-afec-01d4d917b224/compute_logs/vwgrhphv.complete
	borrados:        .tmp_dagster_home_frdxsf0x/storage/51b3c9ec-cce1-490c-afec-01d4d917b224/compute_logs/vwgrhphv.err
	borrados:        .tmp_dagster_home_frdxsf0x/storage/51b3c9ec-cce1-490c-afec-01d4d917b224/compute_logs/vwgrhphv.out
	borrados:        .tmp_dagster_home_frdxsf0x/storage/51b3c9ec-cce1-490c-afec-01d4d917b224/compute_logs/xetijgys.complete
	borrados:        .tmp_dagster_home_frdxsf0x/storage/51b3c9ec-cce1-490c-afec-01d4d917b224/compute_logs/xetijgys.err
	borrados:        .tmp_dagster_home_frdxsf0x/storage/51b3c9ec-cce1-490c-afec-01d4d917b224/compute_logs/xetijgys.out
	borrados:        .tmp_dagster_home_frdxsf0x/storage/51b3c9ec-cce1-490c-afec-01d4d917b224/compute_logs/xlgpnffp.complete
	borrados:        .tmp_dagster_home_frdxsf0x/storage/51b3c9ec-cce1-490c-afec-01d4d917b224/compute_logs/xlgpnffp.err
	borrados:        .tmp_dagster_home_frdxsf0x/storage/51b3c9ec-cce1-490c-afec-01d4d917b224/compute_logs/xlgpnffp.out
	borrados:        .tmp_dagster_home_frdxsf0x/storage/51b3c9ec-cce1-490c-afec-01d4d917b224/compute_logs/zqdzzkaf.complete
	borrados:        .tmp_dagster_home_frdxsf0x/storage/51b3c9ec-cce1-490c-afec-01d4d917b224/compute_logs/zqdzzkaf.err
	borrados:        .tmp_dagster_home_frdxsf0x/storage/51b3c9ec-cce1-490c-afec-01d4d917b224/compute_logs/zqdzzkaf.out
	borrados:        .tmp_dagster_home_frdxsf0x/storage/a2e813af-4d95-4bb2-ba69-acb7ce291732/compute_logs/axtlbcxl.complete
	borrados:        .tmp_dagster_home_frdxsf0x/storage/a2e813af-4d95-4bb2-ba69-acb7ce291732/compute_logs/axtlbcxl.err
	borrados:        .tmp_dagster_home_frdxsf0x/storage/a2e813af-4d95-4bb2-ba69-acb7ce291732/compute_logs/axtlbcxl.out
	borrados:        .tmp_dagster_home_frdxsf0x/storage/a2e813af-4d95-4bb2-ba69-acb7ce291732/compute_logs/dcwhnilz.complete
	borrados:        .tmp_dagster_home_frdxsf0x/storage/a2e813af-4d95-4bb2-ba69-acb7ce291732/compute_logs/dcwhnilz.err
	borrados:        .tmp_dagster_home_frdxsf0x/storage/a2e813af-4d95-4bb2-ba69-acb7ce291732/compute_logs/dcwhnilz.out
	borrados:        .tmp_dagster_home_frdxsf0x/storage/a2e813af-4d95-4bb2-ba69-acb7ce291732/compute_logs/dxpdetov.complete
	borrados:        .tmp_dagster_home_frdxsf0x/storage/a2e813af-4d95-4bb2-ba69-acb7ce291732/compute_logs/dxpdetov.err
	borrados:        .tmp_dagster_home_frdxsf0x/storage/a2e813af-4d95-4bb2-ba69-acb7ce291732/compute_logs/dxpdetov.out
	borrados:        .tmp_dagster_home_frdxsf0x/storage/a2e813af-4d95-4bb2-ba69-acb7ce291732/compute_logs/hfokyzka.complete
	borrados:        .tmp_dagster_home_frdxsf0x/storage/a2e813af-4d95-4bb2-ba69-acb7ce291732/compute_logs/hfokyzka.err
	borrados:        .tmp_dagster_home_frdxsf0x/storage/a2e813af-4d95-4bb2-ba69-acb7ce291732/compute_logs/hfokyzka.out
	borrados:        .tmp_dagster_home_frdxsf0x/storage/a2e813af-4d95-4bb2-ba69-acb7ce291732/compute_logs/jfdhswtx.complete
	borrados:        .tmp_dagster_home_frdxsf0x/storage/a2e813af-4d95-4bb2-ba69-acb7ce291732/compute_logs/jfdhswtx.err
	borrados:        .tmp_dagster_home_frdxsf0x/storage/a2e813af-4d95-4bb2-ba69-acb7ce291732/compute_logs/jfdhswtx.out
	borrados:        .tmp_dagster_home_frdxsf0x/storage/a2e813af-4d95-4bb2-ba69-acb7ce291732/compute_logs/koasjkja.complete
	borrados:        .tmp_dagster_home_frdxsf0x/storage/a2e813af-4d95-4bb2-ba69-acb7ce291732/compute_logs/koasjkja.err
	borrados:        .tmp_dagster_home_frdxsf0x/storage/a2e813af-4d95-4bb2-ba69-acb7ce291732/compute_logs/koasjkja.out
	borrados:        .tmp_dagster_home_frdxsf0x/storage/a2e813af-4d95-4bb2-ba69-acb7ce291732/compute_logs/ktpwpcja.complete
	borrados:        .tmp_dagster_home_frdxsf0x/storage/a2e813af-4d95-4bb2-ba69-acb7ce291732/compute_logs/ktpwpcja.err
	borrados:        .tmp_dagster_home_frdxsf0x/storage/a2e813af-4d95-4bb2-ba69-acb7ce291732/compute_logs/ktpwpcja.out
	borrados:        .tmp_dagster_home_frdxsf0x/storage/a2e813af-4d95-4bb2-ba69-acb7ce291732/compute_logs/nlntyzzh.complete
	borrados:        .tmp_dagster_home_frdxsf0x/storage/a2e813af-4d95-4bb2-ba69-acb7ce291732/compute_logs/nlntyzzh.err
	borrados:        .tmp_dagster_home_frdxsf0x/storage/a2e813af-4d95-4bb2-ba69-acb7ce291732/compute_logs/nlntyzzh.out
	borrados:        .tmp_dagster_home_frdxsf0x/storage/a2e813af-4d95-4bb2-ba69-acb7ce291732/compute_logs/obtgmgns.complete
	borrados:        .tmp_dagster_home_frdxsf0x/storage/a2e813af-4d95-4bb2-ba69-acb7ce291732/compute_logs/obtgmgns.err
	borrados:        .tmp_dagster_home_frdxsf0x/storage/a2e813af-4d95-4bb2-ba69-acb7ce291732/compute_logs/obtgmgns.out
	borrados:        .tmp_dagster_home_frdxsf0x/storage/a2e813af-4d95-4bb2-ba69-acb7ce291732/compute_logs/onykwwrt.complete
	borrados:        .tmp_dagster_home_frdxsf0x/storage/a2e813af-4d95-4bb2-ba69-acb7ce291732/compute_logs/onykwwrt.err
	borrados:        .tmp_dagster_home_frdxsf0x/storage/a2e813af-4d95-4bb2-ba69-acb7ce291732/compute_logs/onykwwrt.out
	borrados:        .tmp_dagster_home_frdxsf0x/storage/a2e813af-4d95-4bb2-ba69-acb7ce291732/compute_logs/oowjttqr.complete
	borrados:        .tmp_dagster_home_frdxsf0x/storage/a2e813af-4d95-4bb2-ba69-acb7ce291732/compute_logs/oowjttqr.err
	borrados:        .tmp_dagster_home_frdxsf0x/storage/a2e813af-4d95-4bb2-ba69-acb7ce291732/compute_logs/oowjttqr.out
	borrados:        .tmp_dagster_home_frdxsf0x/storage/a2e813af-4d95-4bb2-ba69-acb7ce291732/compute_logs/pdvbqfgm.complete
	borrados:        .tmp_dagster_home_frdxsf0x/storage/a2e813af-4d95-4bb2-ba69-acb7ce291732/compute_logs/pdvbqfgm.err
	borrados:        .tmp_dagster_home_frdxsf0x/storage/a2e813af-4d95-4bb2-ba69-acb7ce291732/compute_logs/pdvbqfgm.out
	borrados:        .tmp_dagster_home_frdxsf0x/storage/a2e813af-4d95-4bb2-ba69-acb7ce291732/compute_logs/sssmssvm.complete
	borrados:        .tmp_dagster_home_frdxsf0x/storage/a2e813af-4d95-4bb2-ba69-acb7ce291732/compute_logs/sssmssvm.err
	borrados:        .tmp_dagster_home_frdxsf0x/storage/a2e813af-4d95-4bb2-ba69-acb7ce291732/compute_logs/sssmssvm.out
	borrados:        .tmp_dagster_home_frdxsf0x/storage/a2e813af-4d95-4bb2-ba69-acb7ce291732/compute_logs/swzgoinc.complete
	borrados:        .tmp_dagster_home_frdxsf0x/storage/a2e813af-4d95-4bb2-ba69-acb7ce291732/compute_logs/swzgoinc.err
	borrados:        .tmp_dagster_home_frdxsf0x/storage/a2e813af-4d95-4bb2-ba69-acb7ce291732/compute_logs/swzgoinc.out
	borrados:        .tmp_dagster_home_frdxsf0x/storage/a2e813af-4d95-4bb2-ba69-acb7ce291732/compute_logs/sxgyalcd.complete
	borrados:        .tmp_dagster_home_frdxsf0x/storage/a2e813af-4d95-4bb2-ba69-acb7ce291732/compute_logs/sxgyalcd.err
	borrados:        .tmp_dagster_home_frdxsf0x/storage/a2e813af-4d95-4bb2-ba69-acb7ce291732/compute_logs/sxgyalcd.out
	borrados:        .tmp_dagster_home_frdxsf0x/storage/a2e813af-4d95-4bb2-ba69-acb7ce291732/compute_logs/tdtqczpl.complete
	borrados:        .tmp_dagster_home_frdxsf0x/storage/a2e813af-4d95-4bb2-ba69-acb7ce291732/compute_logs/tdtqczpl.err
	borrados:        .tmp_dagster_home_frdxsf0x/storage/a2e813af-4d95-4bb2-ba69-acb7ce291732/compute_logs/tdtqczpl.out
	borrados:        .tmp_dagster_home_frdxsf0x/storage/a2e813af-4d95-4bb2-ba69-acb7ce291732/compute_logs/thfmjfjp.complete
	borrados:        .tmp_dagster_home_frdxsf0x/storage/a2e813af-4d95-4bb2-ba69-acb7ce291732/compute_logs/thfmjfjp.err
	borrados:        .tmp_dagster_home_frdxsf0x/storage/a2e813af-4d95-4bb2-ba69-acb7ce291732/compute_logs/thfmjfjp.out
	borrados:        .tmp_dagster_home_frdxsf0x/storage/a2e813af-4d95-4bb2-ba69-acb7ce291732/compute_logs/tylwavsg.complete
	borrados:        .tmp_dagster_home_frdxsf0x/storage/a2e813af-4d95-4bb2-ba69-acb7ce291732/compute_logs/tylwavsg.err
	borrados:        .tmp_dagster_home_frdxsf0x/storage/a2e813af-4d95-4bb2-ba69-acb7ce291732/compute_logs/tylwavsg.out
	borrados:        .tmp_dagster_home_frdxsf0x/storage/a2e813af-4d95-4bb2-ba69-acb7ce291732/compute_logs/ynygighj.complete
	borrados:        .tmp_dagster_home_frdxsf0x/storage/a2e813af-4d95-4bb2-ba69-acb7ce291732/compute_logs/ynygighj.err
	borrados:        .tmp_dagster_home_frdxsf0x/storage/a2e813af-4d95-4bb2-ba69-acb7ce291732/compute_logs/ynygighj.out
	borrados:        .tmp_dagster_home_frdxsf0x/storage/a2e813af-4d95-4bb2-ba69-acb7ce291732/compute_logs/zotekmch.complete
	borrados:        .tmp_dagster_home_frdxsf0x/storage/a2e813af-4d95-4bb2-ba69-acb7ce291732/compute_logs/zotekmch.err
	borrados:        .tmp_dagster_home_frdxsf0x/storage/a2e813af-4d95-4bb2-ba69-acb7ce291732/compute_logs/zotekmch.out
	borrados:        .tmp_dagster_home_frdxsf0x/storage/cargar_codislas
	borrados:        .tmp_dagster_home_frdxsf0x/storage/cargar_distribucion_renta
	borrados:        .tmp_dagster_home_frdxsf0x/storage/cargar_nivel_estudios
	borrados:        .tmp_dagster_home_frdxsf0x/storage/cb635e87-a6d6-43a8-a7e1-d884144db0a9/compute_logs/borxgenn.complete
	borrados:        .tmp_dagster_home_frdxsf0x/storage/cb635e87-a6d6-43a8-a7e1-d884144db0a9/compute_logs/borxgenn.err
	borrados:        .tmp_dagster_home_frdxsf0x/storage/cb635e87-a6d6-43a8-a7e1-d884144db0a9/compute_logs/borxgenn.out
	borrados:        .tmp_dagster_home_frdxsf0x/storage/cb635e87-a6d6-43a8-a7e1-d884144db0a9/compute_logs/eicokiip.complete
	borrados:        .tmp_dagster_home_frdxsf0x/storage/cb635e87-a6d6-43a8-a7e1-d884144db0a9/compute_logs/eicokiip.err
	borrados:        .tmp_dagster_home_frdxsf0x/storage/cb635e87-a6d6-43a8-a7e1-d884144db0a9/compute_logs/eicokiip.out
	borrados:        .tmp_dagster_home_frdxsf0x/storage/cb635e87-a6d6-43a8-a7e1-d884144db0a9/compute_logs/fvyrfzti.complete
	borrados:        .tmp_dagster_home_frdxsf0x/storage/cb635e87-a6d6-43a8-a7e1-d884144db0a9/compute_logs/fvyrfzti.err
	borrados:        .tmp_dagster_home_frdxsf0x/storage/cb635e87-a6d6-43a8-a7e1-d884144db0a9/compute_logs/fvyrfzti.out
	borrados:        .tmp_dagster_home_frdxsf0x/storage/cb635e87-a6d6-43a8-a7e1-d884144db0a9/compute_logs/gwqjzakw.complete
	borrados:        .tmp_dagster_home_frdxsf0x/storage/cb635e87-a6d6-43a8-a7e1-d884144db0a9/compute_logs/gwqjzakw.err
	borrados:        .tmp_dagster_home_frdxsf0x/storage/cb635e87-a6d6-43a8-a7e1-d884144db0a9/compute_logs/gwqjzakw.out
	borrados:        .tmp_dagster_home_frdxsf0x/storage/cb635e87-a6d6-43a8-a7e1-d884144db0a9/compute_logs/iehhadix.complete
	borrados:        .tmp_dagster_home_frdxsf0x/storage/cb635e87-a6d6-43a8-a7e1-d884144db0a9/compute_logs/iehhadix.err
	borrados:        .tmp_dagster_home_frdxsf0x/storage/cb635e87-a6d6-43a8-a7e1-d884144db0a9/compute_logs/iehhadix.out
	borrados:        .tmp_dagster_home_frdxsf0x/storage/cb635e87-a6d6-43a8-a7e1-d884144db0a9/compute_logs/ipqjzkck.complete
	borrados:        .tmp_dagster_home_frdxsf0x/storage/cb635e87-a6d6-43a8-a7e1-d884144db0a9/compute_logs/ipqjzkck.err
	borrados:        .tmp_dagster_home_frdxsf0x/storage/cb635e87-a6d6-43a8-a7e1-d884144db0a9/compute_logs/ipqjzkck.out
	borrados:        .tmp_dagster_home_frdxsf0x/storage/cb635e87-a6d6-43a8-a7e1-d884144db0a9/compute_logs/ktnvjeiv.complete
	borrados:        .tmp_dagster_home_frdxsf0x/storage/cb635e87-a6d6-43a8-a7e1-d884144db0a9/compute_logs/ktnvjeiv.err
	borrados:        .tmp_dagster_home_frdxsf0x/storage/cb635e87-a6d6-43a8-a7e1-d884144db0a9/compute_logs/ktnvjeiv.out
	borrados:        .tmp_dagster_home_frdxsf0x/storage/cb635e87-a6d6-43a8-a7e1-d884144db0a9/compute_logs/ldwkndlb.complete
	borrados:        .tmp_dagster_home_frdxsf0x/storage/cb635e87-a6d6-43a8-a7e1-d884144db0a9/compute_logs/ldwkndlb.err
	borrados:        .tmp_dagster_home_frdxsf0x/storage/cb635e87-a6d6-43a8-a7e1-d884144db0a9/compute_logs/ldwkndlb.out
	borrados:        .tmp_dagster_home_frdxsf0x/storage/cb635e87-a6d6-43a8-a7e1-d884144db0a9/compute_logs/mfvlwbpu.complete
	borrados:        .tmp_dagster_home_frdxsf0x/storage/cb635e87-a6d6-43a8-a7e1-d884144db0a9/compute_logs/mfvlwbpu.err
	borrados:        .tmp_dagster_home_frdxsf0x/storage/cb635e87-a6d6-43a8-a7e1-d884144db0a9/compute_logs/mfvlwbpu.out
	borrados:        .tmp_dagster_home_frdxsf0x/storage/cb635e87-a6d6-43a8-a7e1-d884144db0a9/compute_logs/npplvpzg.complete
	borrados:        .tmp_dagster_home_frdxsf0x/storage/cb635e87-a6d6-43a8-a7e1-d884144db0a9/compute_logs/npplvpzg.err
	borrados:        .tmp_dagster_home_frdxsf0x/storage/cb635e87-a6d6-43a8-a7e1-d884144db0a9/compute_logs/npplvpzg.out
	borrados:        .tmp_dagster_home_frdxsf0x/storage/cb635e87-a6d6-43a8-a7e1-d884144db0a9/compute_logs/nykaqnbn.complete
	borrados:        .tmp_dagster_home_frdxsf0x/storage/cb635e87-a6d6-43a8-a7e1-d884144db0a9/compute_logs/nykaqnbn.err
	borrados:        .tmp_dagster_home_frdxsf0x/storage/cb635e87-a6d6-43a8-a7e1-d884144db0a9/compute_logs/nykaqnbn.out
	borrados:        .tmp_dagster_home_frdxsf0x/storage/cb635e87-a6d6-43a8-a7e1-d884144db0a9/compute_logs/ovgyomuy.complete
	borrados:        .tmp_dagster_home_frdxsf0x/storage/cb635e87-a6d6-43a8-a7e1-d884144db0a9/compute_logs/ovgyomuy.err
	borrados:        .tmp_dagster_home_frdxsf0x/storage/cb635e87-a6d6-43a8-a7e1-d884144db0a9/compute_logs/ovgyomuy.out
	borrados:        .tmp_dagster_home_frdxsf0x/storage/cb635e87-a6d6-43a8-a7e1-d884144db0a9/compute_logs/pacuansu.complete
	borrados:        .tmp_dagster_home_frdxsf0x/storage/cb635e87-a6d6-43a8-a7e1-d884144db0a9/compute_logs/pacuansu.err
	borrados:        .tmp_dagster_home_frdxsf0x/storage/cb635e87-a6d6-43a8-a7e1-d884144db0a9/compute_logs/pacuansu.out
	borrados:        .tmp_dagster_home_frdxsf0x/storage/cb635e87-a6d6-43a8-a7e1-d884144db0a9/compute_logs/pynbxmyc.complete
	borrados:        .tmp_dagster_home_frdxsf0x/storage/cb635e87-a6d6-43a8-a7e1-d884144db0a9/compute_logs/pynbxmyc.err
	borrados:        .tmp_dagster_home_frdxsf0x/storage/cb635e87-a6d6-43a8-a7e1-d884144db0a9/compute_logs/pynbxmyc.out
	borrados:        .tmp_dagster_home_frdxsf0x/storage/cb635e87-a6d6-43a8-a7e1-d884144db0a9/compute_logs/shcpzbkm.complete
	borrados:        .tmp_dagster_home_frdxsf0x/storage/cb635e87-a6d6-43a8-a7e1-d884144db0a9/compute_logs/shcpzbkm.err
	borrados:        .tmp_dagster_home_frdxsf0x/storage/cb635e87-a6d6-43a8-a7e1-d884144db0a9/compute_logs/shcpzbkm.out
	borrados:        .tmp_dagster_home_frdxsf0x/storage/cb635e87-a6d6-43a8-a7e1-d884144db0a9/compute_logs/udjpfmhy.complete
	borrados:        .tmp_dagster_home_frdxsf0x/storage/cb635e87-a6d6-43a8-a7e1-d884144db0a9/compute_logs/udjpfmhy.err
	borrados:        .tmp_dagster_home_frdxsf0x/storage/cb635e87-a6d6-43a8-a7e1-d884144db0a9/compute_logs/udjpfmhy.out
	borrados:        .tmp_dagster_home_frdxsf0x/storage/cb635e87-a6d6-43a8-a7e1-d884144db0a9/compute_logs/xabmpeua.complete
	borrados:        .tmp_dagster_home_frdxsf0x/storage/cb635e87-a6d6-43a8-a7e1-d884144db0a9/compute_logs/xabmpeua.err
	borrados:        .tmp_dagster_home_frdxsf0x/storage/cb635e87-a6d6-43a8-a7e1-d884144db0a9/compute_logs/xabmpeua.out
	borrados:        .tmp_dagster_home_frdxsf0x/storage/cb635e87-a6d6-43a8-a7e1-d884144db0a9/compute_logs/xhmsosnz.complete
	borrados:        .tmp_dagster_home_frdxsf0x/storage/cb635e87-a6d6-43a8-a7e1-d884144db0a9/compute_logs/xhmsosnz.err
	borrados:        .tmp_dagster_home_frdxsf0x/storage/cb635e87-a6d6-43a8-a7e1-d884144db0a9/compute_logs/xhmsosnz.out
	borrados:        .tmp_dagster_home_frdxsf0x/storage/cb635e87-a6d6-43a8-a7e1-d884144db0a9/compute_logs/yhkoxfek.complete
	borrados:        .tmp_dagster_home_frdxsf0x/storage/cb635e87-a6d6-43a8-a7e1-d884144db0a9/compute_logs/yhkoxfek.err
	borrados:        .tmp_dagster_home_frdxsf0x/storage/cb635e87-a6d6-43a8-a7e1-d884144db0a9/compute_logs/yhkoxfek.out
	borrados:        .tmp_dagster_home_frdxsf0x/storage/cb635e87-a6d6-43a8-a7e1-d884144db0a9/compute_logs/zlaruqni.complete
	borrados:        .tmp_dagster_home_frdxsf0x/storage/cb635e87-a6d6-43a8-a7e1-d884144db0a9/compute_logs/zlaruqni.err
	borrados:        .tmp_dagster_home_frdxsf0x/storage/cb635e87-a6d6-43a8-a7e1-d884144db0a9/compute_logs/zlaruqni.out
	borrados:        .tmp_dagster_home_frdxsf0x/storage/codigo_generado_ia
	borrados:        .tmp_dagster_home_frdxsf0x/storage/grafico_barras_agrupadas
	borrados:        .tmp_dagster_home_frdxsf0x/storage/grafico_lanzarote_heatmap
	borrados:        .tmp_dagster_home_frdxsf0x/storage/grafico_lanzarote_scatter_educacion_vs_desempleo
	borrados:        .tmp_dagster_home_frdxsf0x/storage/grafico_lineas
	borrados:        .tmp_dagster_home_frdxsf0x/storage/limpiar_codislas
	borrados:        .tmp_dagster_home_frdxsf0x/storage/limpiar_datos
	borrados:        .tmp_dagster_home_frdxsf0x/storage/limpiar_nivel_estudios
	borrados:        .tmp_dagster_home_frdxsf0x/storage/template_ia
	borrados:        .tmp_dagster_home_frdxsf0x/storage/unir_estudios_codislas
	borrados:        .tmp_dagster_home_frdxsf0x/storage/unir_renta_codislas
	borrados:        .tmp_dagster_home_frdxsf0x/storage/visualizacion_ia
	modificados:     src/__pycache__/definitions.cpython-312.pyc
	modificados:     src/__pycache__/lab_renta.cpython-312.pyc
	modificados:     src/definitions.py
	modificados:     src/lab_renta.py

Archivos sin seguimiento:
  (usa "git add <archivo>..." para incluirlo a lo que será confirmado)
	.tmp_dagster_home_x6iml9c7/
	data/Municipios-2024.json
	outputs/mapa_rentas_municipios.png
	src/__pycache__/sensor.cpython-312.pyc
	src/sensor.py

sin cambios agregados al commit (usa "git add" y/o "git commit -a")
