[32m2026-03-10 16:31:48 +0000[0m - dagster - [34mDEBUG[0m - __ASSET_JOB - 2c94c9fc-6d54-40f6-8a6b-0dd4fc8a2629 - 166207 - LOGS_CAPTURED - Started capturing logs in process (pid: 166207).
[32m2026-03-10 16:31:48 +0000[0m - dagster - [34mDEBUG[0m - __ASSET_JOB - 2c94c9fc-6d54-40f6-8a6b-0dd4fc8a2629 - 166207 - grafico_lineas_check_eje_cero - STEP_START - Started execution of step "grafico_lineas_check_eje_cero".
[32m2026-03-10 16:31:48 +0000[0m - dagster - [34mDEBUG[0m - __ASSET_JOB - 2c94c9fc-6d54-40f6-8a6b-0dd4fc8a2629 - grafico_lineas_check_eje_cero - Loading file from: /home/pablo/Escritorio/visualizacion/Práctica 2 - Gramática de Gráficos. DataOps/.tmp_dagster_home_yj0a35jm/storage/grafico_lineas using PickledObjectFilesystemIOManager...
[32m2026-03-10 16:31:48 +0000[0m - dagster - [34mDEBUG[0m - __ASSET_JOB - 2c94c9fc-6d54-40f6-8a6b-0dd4fc8a2629 - 166207 - grafico_lineas_check_eje_cero - LOADED_INPUT - Loaded input "limpiar_datos" using input manager "io_manager", from output "result" of step "grafico_lineas"
[32m2026-03-10 16:31:48 +0000[0m - dagster - [34mDEBUG[0m - __ASSET_JOB - 2c94c9fc-6d54-40f6-8a6b-0dd4fc8a2629 - 166207 - grafico_lineas_check_eje_cero - STEP_INPUT - Got input "limpiar_datos" of type "Any". (Type check passed).
[32m2026-03-10 16:31:48 +0000[0m - dagster - [34mERROR[0m - [31m__ASSET_JOB - 2c94c9fc-6d54-40f6-8a6b-0dd4fc8a2629 - 166207 - grafico_lineas_check_eje_cero - STEP_FAILURE - Execution of step "grafico_lineas_check_eje_cero" failed.

dagster._core.errors.DagsterExecutionStepExecutionError: Error occurred while executing op "grafico_lineas_check_eje_cero"::

AttributeError: 'str' object has no attribute 'copy'

Stack Trace:
  File "/home/pablo/Escritorio/visualizacion/venv/lib/python3.12/site-packages/dagster/_core/execution/plan/utils.py", line 57, in op_execution_error_boundary
    yield
  File "/home/pablo/Escritorio/visualizacion/venv/lib/python3.12/site-packages/dagster/_utils/__init__.py", line 394, in iterate_with_context
    next_output = next(iterator)
                  ^^^^^^^^^^^^^^
  File "/home/pablo/Escritorio/visualizacion/venv/lib/python3.12/site-packages/dagster/_core/execution/plan/compute_generator.py", line 135, in _coerce_op_compute_fn_to_iterator
    result = invoke_compute_fn(
             ^^^^^^^^^^^^^^^^^^
  File "/home/pablo/Escritorio/visualizacion/venv/lib/python3.12/site-packages/dagster/_core/execution/plan/compute_generator.py", line 115, in invoke_compute_fn
    return fn(context, **args_to_pass) if context_arg_provided else fn(**args_to_pass)
                                                                    ^^^^^^^^^^^^^^^^^^
  File "/home/pablo/Escritorio/visualizacion/Práctica 2 - Gramática de Gráficos. DataOps/src/lab_renta.py", line 275, in check_eje_cero
    df = limpiar_datos.copy()
         ^^^^^^^^^^^^^^^^^^
[0m
