[32m2026-03-10 16:31:41 +0000[0m - dagster - [34mDEBUG[0m - __ASSET_JOB - 2c94c9fc-6d54-40f6-8a6b-0dd4fc8a2629 - 165799 - LOGS_CAPTURED - Started capturing logs in process (pid: 165799).
[32m2026-03-10 16:31:41 +0000[0m - dagster - [34mDEBUG[0m - __ASSET_JOB - 2c94c9fc-6d54-40f6-8a6b-0dd4fc8a2629 - 165799 - limpiar_datos_check_nulos_criticos - STEP_START - Started execution of step "limpiar_datos_check_nulos_criticos".
[32m2026-03-10 16:31:41 +0000[0m - dagster - [34mDEBUG[0m - __ASSET_JOB - 2c94c9fc-6d54-40f6-8a6b-0dd4fc8a2629 - limpiar_datos_check_nulos_criticos - Loading file from: /home/pablo/Escritorio/visualizacion/Práctica 2 - Gramática de Gráficos. DataOps/.tmp_dagster_home_yj0a35jm/storage/limpiar_datos using PickledObjectFilesystemIOManager...
[32m2026-03-10 16:31:41 +0000[0m - dagster - [34mDEBUG[0m - __ASSET_JOB - 2c94c9fc-6d54-40f6-8a6b-0dd4fc8a2629 - 165799 - limpiar_datos_check_nulos_criticos - LOADED_INPUT - Loaded input "limpiar_datos" using input manager "io_manager", from output "result" of step "limpiar_datos"
[32m2026-03-10 16:31:41 +0000[0m - dagster - [34mDEBUG[0m - __ASSET_JOB - 2c94c9fc-6d54-40f6-8a6b-0dd4fc8a2629 - 165799 - limpiar_datos_check_nulos_criticos - STEP_INPUT - Got input "limpiar_datos" of type "Any". (Type check passed).
[32m2026-03-10 16:31:41 +0000[0m - dagster - [34mERROR[0m - [31m__ASSET_JOB - 2c94c9fc-6d54-40f6-8a6b-0dd4fc8a2629 - 165799 - limpiar_datos_check_nulos_criticos - STEP_FAILURE - Execution of step "limpiar_datos_check_nulos_criticos" failed.

dagster._core.errors.DagsterExecutionStepExecutionError: Error occurred while executing op "limpiar_datos_check_nulos_criticos"::

dagster_shared.check.functions.ParameterCheckError: Param "passed" is not a bool. Got np.True_ which is type <class 'numpy.bool'>.

Stack Trace:
  File "/home/pablo/Escritorio/visualizacion/venv/lib/python3.12/site-packages/dagster/_core/execution/plan/utils.py", line 57, in op_execution_error_boundary
    yield
  File "/home/pablo/Escritorio/visualizacion/venv/lib/python3.12/site-packages/dagster/_utils/__init__.py", line 394, in iterate_with_context
    next_output = next(iterator)
                  ^^^^^^^^^^^^^^
  File "/home/pablo/Escritorio/visualizacion/venv/lib/python3.12/site-packages/dagster/_core/execution/plan/compute_generator.py", line 135, in _coerce_op_compute_fn_to_iterator
    result = invoke_compute_fn(
             ^^^^^^^^^^^^^^^^^^
  File "/home/pablo/Escritorio/visualizacion/venv/lib/python3.12/site-packages/dagster/_core/execution/plan/compute_generator.py", line 115, in invoke_compute_fn
    return fn(context, **args_to_pass) if context_arg_provided else fn(**args_to_pass)
                                                                    ^^^^^^^^^^^^^^^^^^
  File "/home/pablo/Escritorio/visualizacion/Práctica 2 - Gramática de Gráficos. DataOps/src/lab_renta.py", line 216, in check_nulos_criticos
    return AssetCheckResult(
           ^^^^^^^^^^^^^^^^^
  File "/home/pablo/Escritorio/visualizacion/venv/lib/python3.12/site-packages/dagster/_core/definitions/asset_checks/asset_check_result.py", line 79, in __new__
    passed=check.bool_param(passed, "passed"),
           ^^^^^^^^^^^^^^^^^^^^^^^^^^^^^^^^^^
  File "/home/pablo/Escritorio/visualizacion/venv/lib/python3.12/site-packages/dagster_shared/check/functions.py", line 53, in bool_param
    raise _param_type_mismatch_exception(obj, bool, param_name, additional_message)
[0m
