[32m2026-05-05 18:49:21 +0100[0m - dagster - [34mDEBUG[0m - __ASSET_JOB - 710f7f2b-ec18-477b-9dd5-2a91d4707c4d - 552019 - LOGS_CAPTURED - Capturing logs for process (pid: 552019).
[32m2026-05-05 18:49:21 +0100[0m - dagster - [34mDEBUG[0m - __ASSET_JOB - 710f7f2b-ec18-477b-9dd5-2a91d4707c4d - 552019 - mapa_actividad_predominante - STEP_START - Started execution of step "mapa_actividad_predominante".
[32m2026-05-05 18:49:22 +0100[0m - dagster - [34mDEBUG[0m - __ASSET_JOB - 710f7f2b-ec18-477b-9dd5-2a91d4707c4d - mapa_actividad_predominante - Loading file from: /home/pablo/Escritorio/visualizacion/Proyecto/src/.tmp_dagster_home_nkfhu003/storage/unir_actividad_mapa using PickledObjectFilesystemIOManager...
[32m2026-05-05 18:49:22 +0100[0m - dagster - [34mDEBUG[0m - __ASSET_JOB - 710f7f2b-ec18-477b-9dd5-2a91d4707c4d - 552019 - mapa_actividad_predominante - LOADED_INPUT - Loaded input "unir_actividad_mapa" using input manager "io_manager", from output "result" of step "unir_actividad_mapa"
[32m2026-05-05 18:49:22 +0100[0m - dagster - [34mDEBUG[0m - __ASSET_JOB - 710f7f2b-ec18-477b-9dd5-2a91d4707c4d - 552019 - mapa_actividad_predominante - STEP_INPUT - Got input "unir_actividad_mapa" of type "Any". (Type check passed).
[32m2026-05-05 18:49:22 +0100[0m - dagster - [34mERROR[0m - [31m__ASSET_JOB - 710f7f2b-ec18-477b-9dd5-2a91d4707c4d - 552019 - mapa_actividad_predominante - STEP_FAILURE - Execution of step "mapa_actividad_predominante" failed.

dagster._core.errors.DagsterExecutionStepExecutionError: Error occurred while executing op "mapa_actividad_predominante"::

KeyError: 'actividad'

Stack Trace:
  File "/home/pablo/Escritorio/visualizacion/Proyecto/.venv/lib/python3.12/site-packages/dagster/_core/execution/plan/utils.py", line 57, in op_execution_error_boundary
    yield
  File "/home/pablo/Escritorio/visualizacion/Proyecto/.venv/lib/python3.12/site-packages/dagster/_utils/__init__.py", line 394, in iterate_with_context
    next_output = next(iterator)
                  ^^^^^^^^^^^^^^
  File "/home/pablo/Escritorio/visualizacion/Proyecto/.venv/lib/python3.12/site-packages/dagster/_core/execution/plan/compute_generator.py", line 135, in _coerce_op_compute_fn_to_iterator
    result = invoke_compute_fn(
             ^^^^^^^^^^^^^^^^^^
  File "/home/pablo/Escritorio/visualizacion/Proyecto/.venv/lib/python3.12/site-packages/dagster/_core/execution/plan/compute_generator.py", line 115, in invoke_compute_fn
    return fn(context, **args_to_pass) if context_arg_provided else fn(**args_to_pass)
                                                                    ^^^^^^^^^^^^^^^^^^
  File "/home/pablo/Escritorio/visualizacion/Proyecto/src/proyecto.py", line 531, in mapa_actividad_predominante
    gdf.plot(
  File "/home/pablo/Escritorio/visualizacion/Proyecto/.venv/lib/python3.12/site-packages/geopandas/plotting.py", line 962, in __call__
    return plot_dataframe(data, *args, **kwargs)
           ^^^^^^^^^^^^^^^^^^^^^^^^^^^^^^^^^^^^^
  File "/home/pablo/Escritorio/visualizacion/Proyecto/.venv/lib/python3.12/site-packages/geopandas/plotting.py", line 715, in plot_dataframe
    values = df[column]
             ~~^^^^^^^^
  File "/home/pablo/Escritorio/visualizacion/Proyecto/.venv/lib/python3.12/site-packages/geopandas/geodataframe.py", line 1891, in __getitem__
    result = super().__getitem__(key)
             ^^^^^^^^^^^^^^^^^^^^^^^^
  File "/home/pablo/Escritorio/visualizacion/Proyecto/.venv/lib/python3.12/site-packages/pandas/core/frame.py", line 4378, in __getitem__
    indexer = self.columns.get_loc(key)
              ^^^^^^^^^^^^^^^^^^^^^^^^^
  File "/home/pablo/Escritorio/visualizacion/Proyecto/.venv/lib/python3.12/site-packages/pandas/core/indexes/base.py", line 3648, in get_loc
    raise KeyError(key) from err

The above exception was caused by the following exception:
KeyError: 'actividad'

Stack Trace:
  File "/home/pablo/Escritorio/visualizacion/Proyecto/.venv/lib/python3.12/site-packages/pandas/core/indexes/base.py", line 3641, in get_loc
    return self._engine.get_loc(casted_key)
           ^^^^^^^^^^^^^^^^^^^^^^^^^^^^^^^^
  File "pandas/_libs/index.pyx", line 168, in pandas._libs.index.IndexEngine.get_loc
  File "pandas/_libs/index.pyx", line 197, in pandas._libs.index.IndexEngine.get_loc
  File "pandas/_libs/hashtable_class_helper.pxi", line 7668, in pandas._libs.hashtable.PyObjectHashTable.get_item
  File "pandas/_libs/hashtable_class_helper.pxi", line 7676, in pandas._libs.hashtable.PyObjectHashTable.get_item
[0m
